Archive member included to satisfy reference by file (symbol)

E:\stm_workspace\nucleo-f411re_stdperiph_lib\Debug\libnucleo-f411re_stdperiph_lib.a(misc.o)
                              src/tm_stm32f4_usart.o (NVIC_Init)
E:\stm_workspace\nucleo-f411re_stdperiph_lib\Debug\libnucleo-f411re_stdperiph_lib.a(stm32f4xx_gpio.o)
                              src/stm32_Hw.o (GPIO_Init)
E:\stm_workspace\nucleo-f411re_stdperiph_lib\Debug\libnucleo-f411re_stdperiph_lib.a(stm32f4xx_i2c.o)
                              src/tm_stm32f4_i2c.o (I2C_Init)
E:\stm_workspace\nucleo-f411re_stdperiph_lib\Debug\libnucleo-f411re_stdperiph_lib.a(stm32f4xx_rcc.o)
                              E:\stm_workspace\nucleo-f411re_stdperiph_lib\Debug\libnucleo-f411re_stdperiph_lib.a(stm32f4xx_i2c.o) (RCC_GetClocksFreq)
E:\stm_workspace\nucleo-f411re_stdperiph_lib\Debug\libnucleo-f411re_stdperiph_lib.a(stm32f4xx_usart.o)
                              src/tm_stm32f4_usart.o (USART_DeInit)
e:/stm32_workbench/plugins/fr.ac6.mcu.externaltools.arm-none.win32_1.13.2.201703061525/tools/compiler/bin/../lib/gcc/arm-none-eabi/5.4.1/../../../../arm-none-eabi/lib/armv7e-m/fpu\libc.a(lib_a-errno.o)
                              src/syscalls.o (__errno)
e:/stm32_workbench/plugins/fr.ac6.mcu.externaltools.arm-none.win32_1.13.2.201703061525/tools/compiler/bin/../lib/gcc/arm-none-eabi/5.4.1/../../../../arm-none-eabi/lib/armv7e-m/fpu\libc.a(lib_a-exit.o)
                              e:/stm32_workbench/plugins/fr.ac6.mcu.externaltools.arm-none.win32_1.13.2.201703061525/tools/compiler/bin/../lib/gcc/arm-none-eabi/5.4.1/../../../../arm-none-eabi/lib/armv7e-m/fpu/crt0.o (exit)
e:/stm32_workbench/plugins/fr.ac6.mcu.externaltools.arm-none.win32_1.13.2.201703061525/tools/compiler/bin/../lib/gcc/arm-none-eabi/5.4.1/../../../../arm-none-eabi/lib/armv7e-m/fpu\libc.a(lib_a-impure.o)
                              e:/stm32_workbench/plugins/fr.ac6.mcu.externaltools.arm-none.win32_1.13.2.201703061525/tools/compiler/bin/../lib/gcc/arm-none-eabi/5.4.1/../../../../arm-none-eabi/lib/armv7e-m/fpu\libc.a(lib_a-exit.o) (_global_impure_ptr)
e:/stm32_workbench/plugins/fr.ac6.mcu.externaltools.arm-none.win32_1.13.2.201703061525/tools/compiler/bin/../lib/gcc/arm-none-eabi/5.4.1/../../../../arm-none-eabi/lib/armv7e-m/fpu\libc.a(lib_a-init.o)
                              e:/stm32_workbench/plugins/fr.ac6.mcu.externaltools.arm-none.win32_1.13.2.201703061525/tools/compiler/bin/../lib/gcc/arm-none-eabi/5.4.1/../../../../arm-none-eabi/lib/armv7e-m/fpu/crt0.o (__libc_init_array)
e:/stm32_workbench/plugins/fr.ac6.mcu.externaltools.arm-none.win32_1.13.2.201703061525/tools/compiler/bin/../lib/gcc/arm-none-eabi/5.4.1/../../../../arm-none-eabi/lib/armv7e-m/fpu\libc.a(lib_a-malloc.o)
                              src/debug.o (malloc)
e:/stm32_workbench/plugins/fr.ac6.mcu.externaltools.arm-none.win32_1.13.2.201703061525/tools/compiler/bin/../lib/gcc/arm-none-eabi/5.4.1/../../../../arm-none-eabi/lib/armv7e-m/fpu\libc.a(lib_a-mallocr.o)
                              e:/stm32_workbench/plugins/fr.ac6.mcu.externaltools.arm-none.win32_1.13.2.201703061525/tools/compiler/bin/../lib/gcc/arm-none-eabi/5.4.1/../../../../arm-none-eabi/lib/armv7e-m/fpu\libc.a(lib_a-malloc.o) (_malloc_r)
e:/stm32_workbench/plugins/fr.ac6.mcu.externaltools.arm-none.win32_1.13.2.201703061525/tools/compiler/bin/../lib/gcc/arm-none-eabi/5.4.1/../../../../arm-none-eabi/lib/armv7e-m/fpu\libc.a(lib_a-memset.o)
                              e:/stm32_workbench/plugins/fr.ac6.mcu.externaltools.arm-none.win32_1.13.2.201703061525/tools/compiler/bin/../lib/gcc/arm-none-eabi/5.4.1/../../../../arm-none-eabi/lib/armv7e-m/fpu/crt0.o (memset)
e:/stm32_workbench/plugins/fr.ac6.mcu.externaltools.arm-none.win32_1.13.2.201703061525/tools/compiler/bin/../lib/gcc/arm-none-eabi/5.4.1/../../../../arm-none-eabi/lib/armv7e-m/fpu\libc.a(lib_a-mlock.o)
                              e:/stm32_workbench/plugins/fr.ac6.mcu.externaltools.arm-none.win32_1.13.2.201703061525/tools/compiler/bin/../lib/gcc/arm-none-eabi/5.4.1/../../../../arm-none-eabi/lib/armv7e-m/fpu\libc.a(lib_a-mallocr.o) (__malloc_lock)
e:/stm32_workbench/plugins/fr.ac6.mcu.externaltools.arm-none.win32_1.13.2.201703061525/tools/compiler/bin/../lib/gcc/arm-none-eabi/5.4.1/../../../../arm-none-eabi/lib/armv7e-m/fpu\libc.a(lib_a-sbrkr.o)
                              e:/stm32_workbench/plugins/fr.ac6.mcu.externaltools.arm-none.win32_1.13.2.201703061525/tools/compiler/bin/../lib/gcc/arm-none-eabi/5.4.1/../../../../arm-none-eabi/lib/armv7e-m/fpu\libc.a(lib_a-mallocr.o) (_sbrk_r)
e:/stm32_workbench/plugins/fr.ac6.mcu.externaltools.arm-none.win32_1.13.2.201703061525/tools/compiler/bin/../lib/gcc/arm-none-eabi/5.4.1/../../../../arm-none-eabi/lib/armv7e-m/fpu\libc.a(lib_a-strlen.o)
                              src/debug.o (strlen)
[...]
Memory Configuration

Name             Origin             Length             Attributes
FLASH            0x08000000         0x00080000         xr
RAM              0x20000000         0x00020000         xrw
*default*        0x00000000         0xffffffff

Linker script and memory map

LOAD e:/stm32_workbench/plugins/fr.ac6.mcu.externaltools.arm-none.win32_1.13.2.201703061525/tools/compiler/bin/../lib/gcc/arm-none-eabi/5.4.1/armv7e-m/fpu/crti.o
LOAD e:/stm32_workbench/plugins/fr.ac6.mcu.externaltools.arm-none.win32_1.13.2.201703061525/tools/compiler/bin/../lib/gcc/arm-none-eabi/5.4.1/armv7e-m/fpu/crtbegin.o
LOAD e:/stm32_workbench/plugins/fr.ac6.mcu.externaltools.arm-none.win32_1.13.2.201703061525/tools/compiler/bin/../lib/gcc/arm-none-eabi/5.4.1/../../../../arm-none-eabi/lib/armv7e-m/fpu/crt0.o
LOAD e:/stm32_workbench/plugins/fr.ac6.mcu.externaltools.arm-none.win32_1.13.2.201703061525/tools/compiler/bin/../lib/gcc/arm-none-eabi/5.4.1/../../../../arm-none-eabi/lib/armv7e-m/fpu\libm.a
LOAD src/crc.o
LOAD src/debug.o
LOAD src/main.o
LOAD src/stm32_Hw.o
LOAD src/stm32f4xx_it.o
LOAD src/syscalls.o
LOAD src/system_stm32f4xx.o
LOAD src/tm_stm32f4_gpio.o
LOAD src/tm_stm32f4_i2c.o
LOAD src/tm_stm32f4_usart.o
LOAD startup/startup_stm32f411xe.o
LOAD E:\stm_workspace\nucleo-f411re_stdperiph_lib\Debug\libnucleo-f411re_stdperiph_lib.a
START GROUP
LOAD e:/stm32_workbench/plugins/fr.ac6.mcu.externaltools.arm-none.win32_1.13.2.201703061525/tools/compiler/bin/../lib/gcc/arm-none-eabi/5.4.1/armv7e-m/fpu\libgcc.a
LOAD e:/stm32_workbench/plugins/fr.ac6.mcu.externaltools.arm-none.win32_1.13.2.201703061525/tools/compiler/bin/../lib/gcc/arm-none-eabi/5.4.1/../../../../arm-none-eabi/lib/armv7e-m/fpu\libc.a
END GROUP
LOAD e:/stm32_workbench/plugins/fr.ac6.mcu.externaltools.arm-none.win32_1.13.2.201703061525/tools/compiler/bin/../lib/gcc/arm-none-eabi/5.4.1/armv7e-m/fpu/crtend.o
LOAD e:/stm32_workbench/plugins/fr.ac6.mcu.externaltools.arm-none.win32_1.13.2.201703061525/tools/compiler/bin/../lib/gcc/arm-none-eabi/5.4.1/armv7e-m/fpu/crtn.o
                0x20020000                _estack = 0x20020000
                0x00000200                _Min_Heap_Size = 0x200
                0x00000400                _Min_Stack_Size = 0x400

.isr_vector     0x08000000      0x198
                0x08000000                . = ALIGN (0x4)
 *(.isr_vector)
 .isr_vector    0x08000000      0x198 startup/startup_stm32f411xe.o
                0x08000000                g_pfnVectors
                0x08000198                . = ALIGN (0x4)

.text           0x080001c0     0x6a34
                0x080001c0                . = ALIGN (0x4)
 *(.text)
 .text          0x080001c0       0x5c e:/stm32_workbench/plugins/fr.ac6.mcu.externaltools.arm-none.win32_1.13.2.201703061525/tools/compiler/bin/../lib/gcc/arm-none-eabi/5.4.1/armv7e-m/fpu/crtbegin.o
 *fill*         0x0800021c       0x24 
 .text          0x08000240       0xdc e:/stm32_workbench/plugins/fr.ac6.mcu.externaltools.arm-none.win32_1.13.2.201703061525/tools/compiler/bin/../lib/gcc/arm-none-eabi/5.4.1/../../../../arm-none-eabi/lib/armv7e-m/fpu\libc.a(lib_a-strlen.o)
                0x08000240                strlen
 *fill*         0x0800031c        0x4 
 .text          0x08000320       0xa0 e:/stm32_workbench/plugins/fr.ac6.mcu.externaltools.arm-none.win32_1.13.2.201703061525/tools/compiler/bin/../lib/gcc/arm-none-eabi/5.4.1/../../../../arm-none-eabi/lib/armv7e-m/fpu\libc.a(lib_a-memchr.o)
                0x08000320                memchr
 .text          0x080003c0      0x134 e:/stm32_workbench/plugins/fr.ac6.mcu.externaltools.arm-none.win32_1.13.2.201703061525/tools/compiler/bin/../lib/gcc/arm-none-eabi/5.4.1/../../../../arm-none-eabi/lib/armv7e-m/fpu\libc.a(lib_a-memcpy.o)
                0x080003c0                memcpy
 .text          0x080004f4      0x370 e:/stm32_workbench/plugins/fr.ac6.mcu.externaltools.arm-none.win32_1.13.2.201703061525/tools/compiler/bin/../lib/gcc/arm-none-eabi/5.4.1/armv7e-m/fpu\libgcc.a(_arm_addsubdf3.o)
                0x080004f4                __aeabi_drsub
                0x080004fc                __aeabi_dsub
                0x080004fc                __subdf3
                0x08000500                __aeabi_dadd
                0x08000500                __adddf3
                0x08000778                __floatunsidf
                0x08000778                __aeabi_ui2d
                0x08000798                __floatsidf
                0x08000798                __aeabi_i2d
                0x080007bc                __aeabi_f2d
                0x080007bc                __extendsfdf2
                0x080007f8                __floatundidf
                0x080007f8                __aeabi_ul2d
                0x08000808                __floatdidf
                0x08000808                __aeabi_l2d
 .text          0x08000864      0x424 e:/stm32_workbench/plugins/fr.ac6.mcu.externaltools.arm-none.win32_1.13.2.201703061525/tools/compiler/bin/../lib/gcc/arm-none-eabi/5.4.1/armv7e-m/fpu\libgcc.a(_arm_muldivdf3.o)
                0x08000864                __aeabi_dmul
                0x08000864                __muldf3
                0x08000ab8                __divdf3
                0x08000ab8                __aeabi_ddiv
 .text          0x08000c88      0x110 e:/stm32_workbench/plugins/fr.ac6.mcu.externaltools.arm-none.win32_1.13.2.201703061525/tools/compiler/bin/../lib/gcc/arm-none-eabi/5.4.1/armv7e-m/fpu\libgcc.a(_arm_cmpdf2.o)
                0x08000c88                __gtdf2
                0x08000c88                __gedf2
                0x08000c90                __ltdf2
                0x08000c90                __ledf2
                0x08000c98                __nedf2
                0x08000c98                __eqdf2
                0x08000c98                __cmpdf2
                0x08000d14                __aeabi_cdrcmple
                0x08000d24                __aeabi_cdcmpeq
                0x08000d24                __aeabi_cdcmple
                0x08000d34                __aeabi_dcmpeq
                0x08000d48                __aeabi_dcmplt
                0x08000d5c                __aeabi_dcmple
                0x08000d70                __aeabi_dcmpge
                0x08000d84                __aeabi_dcmpgt
 .text          0x08000d98       0x2c e:/stm32_workbench/plugins/fr.ac6.mcu.externaltools.arm-none.win32_1.13.2.201703061525/tools/compiler/bin/../lib/gcc/arm-none-eabi/5.4.1/armv7e-m/fpu\libgcc.a(_arm_unorddf2.o)
                0x08000d98                __unorddf2
                0x08000d98                __aeabi_dcmpun
 .text          0x08000dc4       0x50 e:/stm32_workbench/plugins/fr.ac6.mcu.externaltools.arm-none.win32_1.13.2.201703061525/tools/compiler/bin/../lib/gcc/arm-none-eabi/5.4.1/armv7e-m/fpu\libgcc.a(_arm_fixdfsi.o)
                0x08000dc4                __aeabi_d2iz
                0x08000dc4                __fixdfsi
 .text          0x08000e14       0x30 e:/stm32_workbench/plugins/fr.ac6.mcu.externaltools.arm-none.win32_1.13.2.201703061525/tools/compiler/bin/../lib/gcc/arm-none-eabi/5.4.1/armv7e-m/fpu\libgcc.a(_aeabi_uldivmod.o)
                0x08000e14                __aeabi_uldivmod
 .text          0x08000e44      0x2e4 e:/stm32_workbench/plugins/fr.ac6.mcu.externaltools.arm-none.win32_1.13.2.201703061525/tools/compiler/bin/../lib/gcc/arm-none-eabi/5.4.1/armv7e-m/fpu\libgcc.a(_udivmoddi4.o)
                0x08000e44                __udivmoddi4
 .text          0x08001128        0x4 e:/stm32_workbench/plugins/fr.ac6.mcu.externaltools.arm-none.win32_1.13.2.201703061525/tools/compiler/bin/../lib/gcc/arm-none-eabi/5.4.1/armv7e-m/fpu\libgcc.a(_dvmd_tls.o)
                0x08001128                __aeabi_idiv0
                0x08001128                __aeabi_ldiv0
 *(.text*)
 .text.CRC16_Calc
                0x0800112c       0x88 src/crc.o
                0x0800112c                CRC16_Calc
 .text.dbg      0x080011b4       0x94 src/debug.o
                0x080011b4                dbg
 .text.dbg_init
                0x08001248       0x3c src/debug.o
                0x08001248                dbg_init
 .text.main     0x08001284      0x130 src/main.o
                0x08001284                main
 .text.test     0x080013b4       0xc0 src/main.o
 .text.NVIC_SetPriority
                0x08001474       0x54 src/stm32_Hw.o
 .text.SysTick_Config
                0x080014c8       0x44 src/stm32_Hw.o
 .text.GPIO_init
                0x0800150c       0x58 src/stm32_Hw.o
 .text.stm32_Hw_Init
                0x08001564       0x4c src/stm32_Hw.o
                0x08001564                stm32_Hw_Init
 .text.delay_ms
                0x080015b0       0x30 src/stm32f4xx_it.o
                0x080015b0                delay_ms
 .text.NMI_Handler
                0x080015e0       0x10 src/stm32f4xx_it.o
                0x080015e0                NMI_Handler
 .text.HardFault_Handler
                0x080015f0        0x8 src/stm32f4xx_it.o
                0x080015f0                HardFault_Handler
 .text.MemManage_Handler
                0x080015f8        0x8 src/stm32f4xx_it.o
                0x080015f8                MemManage_Handler
 .text.BusFault_Handler
                0x08001600        0x8 src/stm32f4xx_it.o
                0x08001600                BusFault_Handler
 .text.UsageFault_Handler
                0x08001608        0x8 src/stm32f4xx_it.o
                0x08001608                UsageFault_Handler
 .text.SVC_Handler
                0x08001610       0x10 src/stm32f4xx_it.o
                0x08001610                SVC_Handler
 .text.DebugMon_Handler
                0x08001620       0x10 src/stm32f4xx_it.o
                0x08001620                DebugMon_Handler
 .text.PendSV_Handler
                0x08001630       0x10 src/stm32f4xx_it.o
                0x08001630                PendSV_Handler
 .text.SysTick_Handler
                0x08001640       0x1c src/stm32f4xx_it.o
                0x08001640                SysTick_Handler
 .text._sbrk    0x0800165c       0x58 src/syscalls.o
                0x0800165c                _sbrk
 .text.SystemInit
                0x080016b4       0x6c src/system_stm32f4xx.o
                0x080016b4                SystemInit
 .text.SetSysClock
                0x08001720       0xa0 src/system_stm32f4xx.o
 .text.TM_GPIO_InitAlternate
                0x080017c0       0xa8 src/tm_stm32f4_gpio.o
                0x080017c0                TM_GPIO_InitAlternate
 .text.TM_GPIO_GetPortSource
                0x08001868       0x24 src/tm_stm32f4_gpio.o
                0x08001868                TM_GPIO_GetPortSource
 .text.TM_GPIO_INT_EnableClock
                0x0800188c       0x30 src/tm_stm32f4_gpio.o
                0x0800188c                TM_GPIO_INT_EnableClock
 .text.TM_GPIO_INT_Init
                0x080018bc      0x10c src/tm_stm32f4_gpio.o
                0x080018bc                TM_GPIO_INT_Init
 .text.TM_I2C_Init
                0x080019c8      0x138 src/tm_stm32f4_i2c.o
                0x080019c8                TM_I2C_Init
 .text.TM_I2C_ReadMultiNoRegister
                0x08001b00       0x6c src/tm_stm32f4_i2c.o
                0x08001b00                TM_I2C_ReadMultiNoRegister
 .text.TM_I2C_WriteMultiNoRegister
                0x08001b6c       0x54 src/tm_stm32f4_i2c.o
                0x08001b6c                TM_I2C_WriteMultiNoRegister
 .text.TM_I2C_Start
                0x08001bc0      0x108 src/tm_stm32f4_i2c.o
                0x08001bc0                TM_I2C_Start
 .text.TM_I2C_WriteData
                0x08001cc8       0x50 src/tm_stm32f4_i2c.o
                0x08001cc8                TM_I2C_WriteData
 .text.TM_I2C_ReadAck
                0x08001d18       0x60 src/tm_stm32f4_i2c.o
                0x08001d18                TM_I2C_ReadAck
 .text.TM_I2C_ReadNack
                0x08001d78       0x70 src/tm_stm32f4_i2c.o
                0x08001d78                TM_I2C_ReadNack
 .text.TM_I2C_Stop
                0x08001de8       0x68 src/tm_stm32f4_i2c.o
                0x08001de8                TM_I2C_Stop
 .text.TM_I2C_InitCustomPinsCallback
                0x08001e50       0x18 src/tm_stm32f4_i2c.o
                0x08001e50                TM_I2C_InitCustomPinsCallback
 .text.TM_I2C1_INT_InitPins
                0x08001e68       0x7c src/tm_stm32f4_i2c.o
                0x08001e68                TM_I2C1_INT_InitPins
 .text.TM_I2C2_INT_InitPins
                0x08001ee4       0x80 src/tm_stm32f4_i2c.o
                0x08001ee4                TM_I2C2_INT_InitPins
 .text.TM_I2C3_INT_InitPins
                0x08001f64       0x80 src/tm_stm32f4_i2c.o
                0x08001f64                TM_I2C3_INT_InitPins
 .text.TM_USART_Init
                0x08001fe4       0x90 src/tm_stm32f4_usart.o
                0x08001fe4                TM_USART_Init
 .text.TM_USART_Getc
                0x08002074       0x74 src/tm_stm32f4_usart.o
                0x08002074                TM_USART_Getc
 .text.TM_USART_Puts
                0x080020e8       0x5c src/tm_stm32f4_usart.o
                0x080020e8                TM_USART_Puts
 .text.TM_USART_Send
                0x08002144       0x6c src/tm_stm32f4_usart.o
                0x08002144                TM_USART_Send
 .text.TM_USART_INT_InsertToBuffer
                0x080021b0       0x5c src/tm_stm32f4_usart.o
                0x080021b0                TM_USART_INT_InsertToBuffer
 .text.TM_USART_InitCustomPinsCallback
                0x0800220c       0x18 src/tm_stm32f4_usart.o
                0x0800220c                TM_USART_InitCustomPinsCallback
 .text.TM_USART_INT_GetUsart
                0x08002224       0x54 src/tm_stm32f4_usart.o
                0x08002224                TM_USART_INT_GetUsart
 .text.TM_USART_INT_GetSubPriority
                0x08002278       0x48 src/tm_stm32f4_usart.o
                0x08002278                TM_USART_INT_GetSubPriority
 .text.TM_USART1_InitPins
                0x080022c0       0x64 src/tm_stm32f4_usart.o
                0x080022c0                TM_USART1_InitPins
 .text.TM_USART2_InitPins
                0x08002324       0x60 src/tm_stm32f4_usart.o
                0x08002324                TM_USART2_InitPins
 .text.TM_USART6_InitPins
                0x08002384       0x64 src/tm_stm32f4_usart.o
                0x08002384                TM_USART6_InitPins
 .text.USART1_IRQHandler
                0x080023e8       0x30 src/tm_stm32f4_usart.o
                0x080023e8                USART1_IRQHandler
 .text.USART2_IRQHandler
                0x08002418       0x30 src/tm_stm32f4_usart.o
                0x08002418                USART2_IRQHandler
 .text.USART6_IRQHandler
                0x08002448       0x30 src/tm_stm32f4_usart.o
                0x08002448                USART6_IRQHandler
 .text.TM_USART_INT_Init
                0x08002478      0x120 src/tm_stm32f4_usart.o
 .text.Reset_Handler
                0x08002598       0x50 startup/startup_stm32f411xe.o
                0x08002598                Reset_Handler
 .text.Default_Handler
                0x080025e8        0x2 startup/startup_stm32f411xe.o
                0x080025e8                RTC_Alarm_IRQHandler
                0x080025e8                EXTI2_IRQHandler
                0x080025e8                SPI4_IRQHandler
                0x080025e8                TIM1_CC_IRQHandler
                0x080025e8                DMA2_Stream5_IRQHandler
                0x080025e8                DMA1_Stream5_IRQHandler
                0x080025e8                PVD_IRQHandler
                0x080025e8                SDIO_IRQHandler
                0x080025e8                TAMP_STAMP_IRQHandler
                0x080025e8                EXTI3_IRQHandler
                0x080025e8                TIM1_UP_TIM10_IRQHandler
                0x080025e8                I2C3_ER_IRQHandler
                0x080025e8                EXTI0_IRQHandler
                0x080025e8                I2C2_EV_IRQHandler
                0x080025e8                DMA1_Stream2_IRQHandler
                0x080025e8                FPU_IRQHandler
                0x080025e8                DMA2_Stream2_IRQHandler
                0x080025e8                SPI1_IRQHandler
                0x080025e8                TIM1_BRK_TIM9_IRQHandler
                0x080025e8                DMA2_Stream3_IRQHandler
                0x080025e8                DMA2_Stream0_IRQHandler
                0x080025e8                TIM4_IRQHandler
                0x080025e8                I2C1_EV_IRQHandler
                0x080025e8                DMA1_Stream6_IRQHandler
                0x080025e8                DMA1_Stream1_IRQHandler
                0x080025e8                TIM3_IRQHandler
                0x080025e8                RCC_IRQHandler
                0x080025e8                Default_Handler
                0x080025e8                EXTI15_10_IRQHandler
                0x080025e8                ADC_IRQHandler
                0x080025e8                DMA1_Stream7_IRQHandler
                0x080025e8                SPI5_IRQHandler
                0x080025e8                TIM5_IRQHandler
                0x080025e8                DMA2_Stream7_IRQHandler
                0x080025e8                I2C3_EV_IRQHandler
                0x080025e8                EXTI9_5_IRQHandler
                0x080025e8                RTC_WKUP_IRQHandler
                0x080025e8                SPI2_IRQHandler
                0x080025e8                DMA1_Stream0_IRQHandler
                0x080025e8                EXTI4_IRQHandler
                0x080025e8                WWDG_IRQHandler
                0x080025e8                TIM2_IRQHandler
                0x080025e8                OTG_FS_WKUP_IRQHandler
                0x080025e8                TIM1_TRG_COM_TIM11_IRQHandler
                0x080025e8                EXTI1_IRQHandler
                0x080025e8                I2C2_ER_IRQHandler
                0x080025e8                DMA2_Stream1_IRQHandler
                0x080025e8                FLASH_IRQHandler
                0x080025e8                DMA2_Stream4_IRQHandler
                0x080025e8                OTG_FS_IRQHandler
                0x080025e8                SPI3_IRQHandler
                0x080025e8                DMA1_Stream4_IRQHandler
                0x080025e8                I2C1_ER_IRQHandler
                0x080025e8                DMA2_Stream6_IRQHandler
                0x080025e8                DMA1_Stream3_IRQHandler
 *fill*         0x080025ea        0x2 
 .text.NVIC_Init
                0x080025ec       0xc0 E:\stm_workspace\nucleo-f411re_stdperiph_lib\Debug\libnucleo-f411re_stdperiph_lib.a(misc.o)
                0x080025ec                NVIC_Init
 .text.GPIO_Init
                0x080026ac      0x11c E:\stm_workspace\nucleo-f411re_stdperiph_lib\Debug\libnucleo-f411re_stdperiph_lib.a(stm32f4xx_gpio.o)
                0x080026ac                GPIO_Init
 .text.GPIO_SetBits
                0x080027c8       0x1c E:\stm_workspace\nucleo-f411re_stdperiph_lib\Debug\libnucleo-f411re_stdperiph_lib.a(stm32f4xx_gpio.o)
                0x080027c8                GPIO_SetBits
 .text.GPIO_ResetBits
                0x080027e4       0x1c E:\stm_workspace\nucleo-f411re_stdperiph_lib\Debug\libnucleo-f411re_stdperiph_lib.a(stm32f4xx_gpio.o)
                0x080027e4                GPIO_ResetBits
 .text.I2C_Init
                0x08002800      0x184 E:\stm_workspace\nucleo-f411re_stdperiph_lib\Debug\libnucleo-f411re_stdperiph_lib.a(stm32f4xx_i2c.o)
                0x08002800                I2C_Init
 .text.I2C_CheckEvent
                0x08002984       0x60 E:\stm_workspace\nucleo-f411re_stdperiph_lib\Debug\libnucleo-f411re_stdperiph_lib.a(stm32f4xx_i2c.o)
                0x08002984                I2C_CheckEvent
 .text.RCC_GetClocksFreq
                0x080029e4      0x154 E:\stm_workspace\nucleo-f411re_stdperiph_lib\Debug\libnucleo-f411re_stdperiph_lib.a(stm32f4xx_rcc.o)
                0x080029e4                RCC_GetClocksFreq
 .text.RCC_AHB1PeriphClockCmd
                0x08002b38       0x3c E:\stm_workspace\nucleo-f411re_stdperiph_lib\Debug\libnucleo-f411re_stdperiph_lib.a(stm32f4xx_rcc.o)
                0x08002b38                RCC_AHB1PeriphClockCmd
 .text.RCC_APB1PeriphResetCmd
                0x08002b74       0x3c E:\stm_workspace\nucleo-f411re_stdperiph_lib\Debug\libnucleo-f411re_stdperiph_lib.a(stm32f4xx_rcc.o)
                0x08002b74                RCC_APB1PeriphResetCmd
 .text.RCC_APB2PeriphResetCmd
                0x08002bb0       0x3c E:\stm_workspace\nucleo-f411re_stdperiph_lib\Debug\libnucleo-f411re_stdperiph_lib.a(stm32f4xx_rcc.o)
                0x08002bb0                RCC_APB2PeriphResetCmd
 .text.USART_DeInit
                0x08002bec      0x114 E:\stm_workspace\nucleo-f411re_stdperiph_lib\Debug\libnucleo-f411re_stdperiph_lib.a(stm32f4xx_usart.o)
                0x08002bec                USART_DeInit
 .text.USART_Init
                0x08002d00      0x178 E:\stm_workspace\nucleo-f411re_stdperiph_lib\Debug\libnucleo-f411re_stdperiph_lib.a(stm32f4xx_usart.o)
                0x08002d00                USART_Init
 .text.__errno  0x08002e78        0xc e:/stm32_workbench/plugins/fr.ac6.mcu.externaltools.arm-none.win32_1.13.2.201703061525/tools/compiler/bin/../lib/gcc/arm-none-eabi/5.4.1/../../../../arm-none-eabi/lib/armv7e-m/fpu\libc.a(lib_a-errno.o)
                0x08002e78                __errno
 .text.__libc_init_array
                0x08002e84       0x50 e:/stm32_workbench/plugins/fr.ac6.mcu.externaltools.arm-none.win32_1.13.2.201703061525/tools/compiler/bin/../lib/gcc/arm-none-eabi/5.4.1/../../../../arm-none-eabi/lib/armv7e-m/fpu\libc.a(lib_a-init.o)
                0x08002e84                __libc_init_array
 .text.malloc   0x08002ed4       0x10 e:/stm32_workbench/plugins/fr.ac6.mcu.externaltools.arm-none.win32_1.13.2.201703061525/tools/compiler/bin/../lib/gcc/arm-none-eabi/5.4.1/../../../../arm-none-eabi/lib/armv7e-m/fpu\libc.a(lib_a-malloc.o)
                0x08002ed4                malloc
 .text._malloc_r
                0x08002ee4      0x570 e:/stm32_workbench/plugins/fr.ac6.mcu.externaltools.arm-none.win32_1.13.2.201703061525/tools/compiler/bin/../lib/gcc/arm-none-eabi/5.4.1/../../../../arm-none-eabi/lib/armv7e-m/fpu\libc.a(lib_a-mallocr.o)
                0x08002ee4                _malloc_r
 .text.memset   0x08003454       0x9c e:/stm32_workbench/plugins/fr.ac6.mcu.externaltools.arm-none.win32_1.13.2.201703061525/tools/compiler/bin/../lib/gcc/arm-none-eabi/5.4.1/../../../../arm-none-eabi/lib/armv7e-m/fpu\libc.a(lib_a-memset.o)
                0x08003454                memset
 .text.__malloc_lock
                0x080034f0        0x4 e:/stm32_workbench/plugins/fr.ac6.mcu.externaltools.arm-none.win32_1.13.2.201703061525/tools/compiler/bin/../lib/gcc/arm-none-eabi/5.4.1/../../../../arm-none-eabi/lib/armv7e-m/fpu\libc.a(lib_a-mlock.o)
                0x080034f0                __malloc_lock
 .text.__malloc_unlock
                0x080034f4        0x4 e:/stm32_workbench/plugins/fr.ac6.mcu.externaltools.arm-none.win32_1.13.2.201703061525/tools/compiler/bin/../lib/gcc/arm-none-eabi/5.4.1/../../../../arm-none-eabi/lib/armv7e-m/fpu\libc.a(lib_a-mlock.o)
                0x080034f4                __malloc_unlock
 .text._sbrk_r  0x080034f8       0x24 e:/stm32_workbench/plugins/fr.ac6.mcu.externaltools.arm-none.win32_1.13.2.201703061525/tools/compiler/bin/../lib/gcc/arm-none-eabi/5.4.1/../../../../arm-none-eabi/lib/armv7e-m/fpu\libc.a(lib_a-sbrkr.o)
                0x080034f8                _sbrk_r
 .text._vsnprintf_r
                0x0800351c       0x74 e:/stm32_workbench/plugins/fr.ac6.mcu.externaltools.arm-none.win32_1.13.2.201703061525/tools/compiler/bin/../lib/gcc/arm-none-eabi/5.4.1/../../../../arm-none-eabi/lib/armv7e-m/fpu\libc.a(lib_a-vsnprintf.o)
                0x0800351c                _vsnprintf_r
 .text.vsnprintf
                0x08003590       0x20 e:/stm32_workbench/plugins/fr.ac6.mcu.externaltools.arm-none.win32_1.13.2.201703061525/tools/compiler/bin/../lib/gcc/arm-none-eabi/5.4.1/../../../../arm-none-eabi/lib/armv7e-m/fpu\libc.a(lib_a-vsnprintf.o)
                0x08003590                vsnprintf
 .text.startup.register_fini
                0x080035b0       0x14 e:/stm32_workbench/plugins/fr.ac6.mcu.externaltools.arm-none.win32_1.13.2.201703061525/tools/compiler/bin/../lib/gcc/arm-none-eabi/5.4.1/../../../../arm-none-eabi/lib/armv7e-m/fpu\libc.a(lib_a-__call_atexit.o)
 .text.atexit   0x080035c4        0xc e:/stm32_workbench/plugins/fr.ac6.mcu.externaltools.arm-none.win32_1.13.2.201703061525/tools/compiler/bin/../lib/gcc/arm-none-eabi/5.4.1/../../../../arm-none-eabi/lib/armv7e-m/fpu\libc.a(lib_a-atexit.o)
                0x080035c4                atexit
 .text.__libc_fini_array
                0x080035d0       0x28 e:/stm32_workbench/plugins/fr.ac6.mcu.externaltools.arm-none.win32_1.13.2.201703061525/tools/compiler/bin/../lib/gcc/arm-none-eabi/5.4.1/../../../../arm-none-eabi/lib/armv7e-m/fpu\libc.a(lib_a-fini.o)
                0x080035d0                __libc_fini_array
 .text._malloc_trim_r
                0x080035f8       0x9c e:/stm32_workbench/plugins/fr.ac6.mcu.externaltools.arm-none.win32_1.13.2.201703061525/tools/compiler/bin/../lib/gcc/arm-none-eabi/5.4.1/../../../../arm-none-eabi/lib/armv7e-m/fpu\libc.a(lib_a-freer.o)
                0x080035f8                _malloc_trim_r
 .text._free_r  0x08003694      0x1d0 e:/stm32_workbench/plugins/fr.ac6.mcu.externaltools.arm-none.win32_1.13.2.201703061525/tools/compiler/bin/../lib/gcc/arm-none-eabi/5.4.1/../../../../arm-none-eabi/lib/armv7e-m/fpu\libc.a(lib_a-freer.o)
                0x08003694                _free_r
 *fill*         0x08003864        0x4 
 .text._svfprintf_r
                0x08003868     0x16e4 e:/stm32_workbench/plugins/fr.ac6.mcu.externaltools.arm-none.win32_1.13.2.201703061525/tools/compiler/bin/../lib/gcc/arm-none-eabi/5.4.1/../../../../arm-none-eabi/lib/armv7e-m/fpu\libc.a(lib_a-svfprintf.o)
                0x08003868                _svfprintf_r
 .text.__register_exitproc
                0x08004f4c       0xa4 e:/stm32_workbench/plugins/fr.ac6.mcu.externaltools.arm-none.win32_1.13.2.201703061525/tools/compiler/bin/../lib/gcc/arm-none-eabi/5.4.1/../../../../arm-none-eabi/lib/armv7e-m/fpu\libc.a(lib_a-__atexit.o)
                0x08004f4c                __register_exitproc
 .text.quorem   0x08004ff0      0x128 e:/stm32_workbench/plugins/fr.ac6.mcu.externaltools.arm-none.win32_1.13.2.201703061525/tools/compiler/bin/../lib/gcc/arm-none-eabi/5.4.1/../../../../arm-none-eabi/lib/armv7e-m/fpu\libc.a(lib_a-dtoa.o)
 .text._dtoa_r  0x08005118      0xe34 e:/stm32_workbench/plugins/fr.ac6.mcu.externaltools.arm-none.win32_1.13.2.201703061525/tools/compiler/bin/../lib/gcc/arm-none-eabi/5.4.1/../../../../arm-none-eabi/lib/armv7e-m/fpu\libc.a(lib_a-dtoa.o)
                0x08005118                _dtoa_r
 .text._localeconv_r
                0x08005f4c       0x1c e:/stm32_workbench/plugins/fr.ac6.mcu.externaltools.arm-none.win32_1.13.2.201703061525/tools/compiler/bin/../lib/gcc/arm-none-eabi/5.4.1/../../../../arm-none-eabi/lib/armv7e-m/fpu\libc.a(lib_a-localeconv.o)
                0x08005f4c                _localeconv_r
 .text._Balloc  0x08005f68       0x4c e:/stm32_workbench/plugins/fr.ac6.mcu.externaltools.arm-none.win32_1.13.2.201703061525/tools/compiler/bin/../lib/gcc/arm-none-eabi/5.4.1/../../../../arm-none-eabi/lib/armv7e-m/fpu\libc.a(lib_a-mprec.o)
                0x08005f68                _Balloc
 .text._Bfree   0x08005fb4       0x14 e:/stm32_workbench/plugins/fr.ac6.mcu.externaltools.arm-none.win32_1.13.2.201703061525/tools/compiler/bin/../lib/gcc/arm-none-eabi/5.4.1/../../../../arm-none-eabi/lib/armv7e-m/fpu\libc.a(lib_a-mprec.o)
                0x08005fb4                _Bfree
 .text.__multadd
                0x08005fc8       0x80 e:/stm32_workbench/plugins/fr.ac6.mcu.externaltools.arm-none.win32_1.13.2.201703061525/tools/compiler/bin/../lib/gcc/arm-none-eabi/5.4.1/../../../../arm-none-eabi/lib/armv7e-m/fpu\libc.a(lib_a-mprec.o)
                0x08005fc8                __multadd
 .text.__hi0bits
                0x08006048       0x40 e:/stm32_workbench/plugins/fr.ac6.mcu.externaltools.arm-none.win32_1.13.2.201703061525/tools/compiler/bin/../lib/gcc/arm-none-eabi/5.4.1/../../../../arm-none-eabi/lib/armv7e-m/fpu\libc.a(lib_a-mprec.o)
                0x08006048                __hi0bits
 .text.__lo0bits
                0x08006088       0x5c e:/stm32_workbench/plugins/fr.ac6.mcu.externaltools.arm-none.win32_1.13.2.201703061525/tools/compiler/bin/../lib/gcc/arm-none-eabi/5.4.1/../../../../arm-none-eabi/lib/armv7e-m/fpu\libc.a(lib_a-mprec.o)
                0x08006088                __lo0bits
 .text.__i2b    0x080060e4       0x14 e:/stm32_workbench/plugins/fr.ac6.mcu.externaltools.arm-none.win32_1.13.2.201703061525/tools/compiler/bin/../lib/gcc/arm-none-eabi/5.4.1/../../../../arm-none-eabi/lib/armv7e-m/fpu\libc.a(lib_a-mprec.o)
                0x080060e4                __i2b
 .text.__multiply
                0x080060f8      0x130 e:/stm32_workbench/plugins/fr.ac6.mcu.externaltools.arm-none.win32_1.13.2.201703061525/tools/compiler/bin/../lib/gcc/arm-none-eabi/5.4.1/../../../../arm-none-eabi/lib/armv7e-m/fpu\libc.a(lib_a-mprec.o)
                0x080060f8                __multiply
 .text.__pow5mult
                0x08006228       0xa0 e:/stm32_workbench/plugins/fr.ac6.mcu.externaltools.arm-none.win32_1.13.2.201703061525/tools/compiler/bin/../lib/gcc/arm-none-eabi/5.4.1/../../../../arm-none-eabi/lib/armv7e-m/fpu\libc.a(lib_a-mprec.o)
                0x08006228                __pow5mult
 .text.__lshift
                0x080062c8       0xb0 e:/stm32_workbench/plugins/fr.ac6.mcu.externaltools.arm-none.win32_1.13.2.201703061525/tools/compiler/bin/../lib/gcc/arm-none-eabi/5.4.1/../../../../arm-none-eabi/lib/armv7e-m/fpu\libc.a(lib_a-mprec.o)
                0x080062c8                __lshift
 .text.__mcmp   0x08006378       0x44 e:/stm32_workbench/plugins/fr.ac6.mcu.externaltools.arm-none.win32_1.13.2.201703061525/tools/compiler/bin/../lib/gcc/arm-none-eabi/5.4.1/../../../../arm-none-eabi/lib/armv7e-m/fpu\libc.a(lib_a-mprec.o)
                0x08006378                __mcmp
 .text.__mdiff  0x080063bc      0x114 e:/stm32_workbench/plugins/fr.ac6.mcu.externaltools.arm-none.win32_1.13.2.201703061525/tools/compiler/bin/../lib/gcc/arm-none-eabi/5.4.1/../../../../arm-none-eabi/lib/armv7e-m/fpu\libc.a(lib_a-mprec.o)
                0x080063bc                __mdiff
 .text.__d2b    0x080064d0       0xbc e:/stm32_workbench/plugins/fr.ac6.mcu.externaltools.arm-none.win32_1.13.2.201703061525/tools/compiler/bin/../lib/gcc/arm-none-eabi/5.4.1/../../../../arm-none-eabi/lib/armv7e-m/fpu\libc.a(lib_a-mprec.o)
                0x080064d0                __d2b
 .text.__ssprint_r
                0x0800658c      0x100 e:/stm32_workbench/plugins/fr.ac6.mcu.externaltools.arm-none.win32_1.13.2.201703061525/tools/compiler/bin/../lib/gcc/arm-none-eabi/5.4.1/../../../../arm-none-eabi/lib/armv7e-m/fpu\libc.a(lib_a-svfiprintf.o)
                0x0800658c                __ssprint_r
 .text._calloc_r
                0x0800668c       0x60 e:/stm32_workbench/plugins/fr.ac6.mcu.externaltools.arm-none.win32_1.13.2.201703061525/tools/compiler/bin/../lib/gcc/arm-none-eabi/5.4.1/../../../../arm-none-eabi/lib/armv7e-m/fpu\libc.a(lib_a-callocr.o)
                0x0800668c                _calloc_r
 .text.__ascii_mbtowc
                0x080066ec       0x2c e:/stm32_workbench/plugins/fr.ac6.mcu.externaltools.arm-none.win32_1.13.2.201703061525/tools/compiler/bin/../lib/gcc/arm-none-eabi/5.4.1/../../../../arm-none-eabi/lib/armv7e-m/fpu\libc.a(lib_a-mbtowc_r.o)
                0x080066ec                __ascii_mbtowc
 .text.memmove  0x08006718       0xc8 e:/stm32_workbench/plugins/fr.ac6.mcu.externaltools.arm-none.win32_1.13.2.201703061525/tools/compiler/bin/../lib/gcc/arm-none-eabi/5.4.1/../../../../arm-none-eabi/lib/armv7e-m/fpu\libc.a(lib_a-memmove.o)
                0x08006718                memmove
 .text._realloc_r
                0x080067e0      0x3e0 e:/stm32_workbench/plugins/fr.ac6.mcu.externaltools.arm-none.win32_1.13.2.201703061525/tools/compiler/bin/../lib/gcc/arm-none-eabi/5.4.1/../../../../arm-none-eabi/lib/armv7e-m/fpu\libc.a(lib_a-reallocr.o)
                0x080067e0                _realloc_r
 .text.__ascii_wctomb
                0x08006bc0       0x1c e:/stm32_workbench/plugins/fr.ac6.mcu.externaltools.arm-none.win32_1.13.2.201703061525/tools/compiler/bin/../lib/gcc/arm-none-eabi/5.4.1/../../../../arm-none-eabi/lib/armv7e-m/fpu\libc.a(lib_a-wctomb_r.o)
                0x08006bc0                __ascii_wctomb
 *(.glue_7)
 .glue_7        0x08006bdc        0x0 linker stubs
 *(.glue_7t)
 .glue_7t       0x08006bdc        0x0 linker stubs
 *(.eh_frame)
 .eh_frame      0x08006bdc        0x0 e:/stm32_workbench/plugins/fr.ac6.mcu.externaltools.arm-none.win32_1.13.2.201703061525/tools/compiler/bin/../lib/gcc/arm-none-eabi/5.4.1/armv7e-m/fpu/crtbegin.o
 *(.init)
 .init          0x08006bdc        0x4 e:/stm32_workbench/plugins/fr.ac6.mcu.externaltools.arm-none.win32_1.13.2.201703061525/tools/compiler/bin/../lib/gcc/arm-none-eabi/5.4.1/armv7e-m/fpu/crti.o
                0x08006bdc                _init
 .init          0x08006be0        0x8 e:/stm32_workbench/plugins/fr.ac6.mcu.externaltools.arm-none.win32_1.13.2.201703061525/tools/compiler/bin/../lib/gcc/arm-none-eabi/5.4.1/armv7e-m/fpu/crtn.o
 *(.fini)
 .fini          0x08006be8        0x4 e:/stm32_workbench/plugins/fr.ac6.mcu.externaltools.arm-none.win32_1.13.2.201703061525/tools/compiler/bin/../lib/gcc/arm-none-eabi/5.4.1/armv7e-m/fpu/crti.o
                0x08006be8                _fini
 .fini          0x08006bec        0x8 e:/stm32_workbench/plugins/fr.ac6.mcu.externaltools.arm-none.win32_1.13.2.201703061525/tools/compiler/bin/../lib/gcc/arm-none-eabi/5.4.1/armv7e-m/fpu/crtn.o
                0x08006bf4                . = ALIGN (0x4)
                0x08006bf4                _etext = .

.vfp11_veneer   0x08006bf4        0x0
 .vfp11_veneer  0x08006bf4        0x0 linker stubs

.v4_bx          0x08006bf4        0x0
 .v4_bx         0x08006bf4        0x0 linker stubs

.iplt           0x08006bf4        0x0
 .iplt          0x08006bf4        0x0 e:/stm32_workbench/plugins/fr.ac6.mcu.externaltools.arm-none.win32_1.13.2.201703061525/tools/compiler/bin/../lib/gcc/arm-none-eabi/5.4.1/armv7e-m/fpu/crtbegin.o

.rodata         0x08006bf8      0x2f8
                0x08006bf8                . = ALIGN (0x4)
 *(.rodata)
 .rodata        0x08006bf8       0x25 src/debug.o
 *fill*         0x08006c1d        0x3 
 .rodata        0x08006c20       0x45 src/main.o
 *(.rodata*)
 *fill*         0x08006c65        0x3 
 .rodata._global_impure_ptr
                0x08006c68        0x4 e:/stm32_workbench/plugins/fr.ac6.mcu.externaltools.arm-none.win32_1.13.2.201703061525/tools/compiler/bin/../lib/gcc/arm-none-eabi/5.4.1/../../../../arm-none-eabi/lib/armv7e-m/fpu\libc.a(lib_a-impure.o)
                0x08006c68                _global_impure_ptr
 .rodata.zeroes.7258
                0x08006c6c       0x10 e:/stm32_workbench/plugins/fr.ac6.mcu.externaltools.arm-none.win32_1.13.2.201703061525/tools/compiler/bin/../lib/gcc/arm-none-eabi/5.4.1/../../../../arm-none-eabi/lib/armv7e-m/fpu\libc.a(lib_a-svfprintf.o)
 .rodata.str1.4
                0x08006c7c       0x42 e:/stm32_workbench/plugins/fr.ac6.mcu.externaltools.arm-none.win32_1.13.2.201703061525/tools/compiler/bin/../lib/gcc/arm-none-eabi/5.4.1/../../../../arm-none-eabi/lib/armv7e-m/fpu\libc.a(lib_a-svfprintf.o)
 *fill*         0x08006cbe        0x2 
 .rodata.blanks.7257
                0x08006cc0       0x10 e:/stm32_workbench/plugins/fr.ac6.mcu.externaltools.arm-none.win32_1.13.2.201703061525/tools/compiler/bin/../lib/gcc/arm-none-eabi/5.4.1/../../../../arm-none-eabi/lib/armv7e-m/fpu\libc.a(lib_a-svfprintf.o)
 .rodata.str1.4
                0x08006cd0       0x10 e:/stm32_workbench/plugins/fr.ac6.mcu.externaltools.arm-none.win32_1.13.2.201703061525/tools/compiler/bin/../lib/gcc/arm-none-eabi/5.4.1/../../../../arm-none-eabi/lib/armv7e-m/fpu\libc.a(lib_a-dtoa.o)
                                 0x12 (size before relaxing)
 .rodata.__mprec_tens
                0x08006ce0       0xc8 e:/stm32_workbench/plugins/fr.ac6.mcu.externaltools.arm-none.win32_1.13.2.201703061525/tools/compiler/bin/../lib/gcc/arm-none-eabi/5.4.1/../../../../arm-none-eabi/lib/armv7e-m/fpu\libc.a(lib_a-mprec.o)
                0x08006ce0                __mprec_tens
 .rodata.__mprec_bigtens
                0x08006da8       0x28 e:/stm32_workbench/plugins/fr.ac6.mcu.externaltools.arm-none.win32_1.13.2.201703061525/tools/compiler/bin/../lib/gcc/arm-none-eabi/5.4.1/../../../../arm-none-eabi/lib/armv7e-m/fpu\libc.a(lib_a-mprec.o)
                0x08006da8                __mprec_bigtens
 .rodata.p05.6087
                0x08006dd0        0xc e:/stm32_workbench/plugins/fr.ac6.mcu.externaltools.arm-none.win32_1.13.2.201703061525/tools/compiler/bin/../lib/gcc/arm-none-eabi/5.4.1/../../../../arm-none-eabi/lib/armv7e-m/fpu\libc.a(lib_a-mprec.o)
 .rodata.str1.4
                0x08006ddc       0x10 e:/stm32_workbench/plugins/fr.ac6.mcu.externaltools.arm-none.win32_1.13.2.201703061525/tools/compiler/bin/../lib/gcc/arm-none-eabi/5.4.1/../../../../arm-none-eabi/lib/armv7e-m/fpu\libc.a(lib_a-locale.o)
                                 0x12 (size before relaxing)
 .rodata._ctype_
                0x08006dec      0x101 e:/stm32_workbench/plugins/fr.ac6.mcu.externaltools.arm-none.win32_1.13.2.201703061525/tools/compiler/bin/../lib/gcc/arm-none-eabi/5.4.1/../../../../arm-none-eabi/lib/armv7e-m/fpu\libc.a(lib_a-ctype_.o)
                0x08006dec                _ctype_
                0x08006ef0                . = ALIGN (0x4)
 *fill*         0x08006eed        0x3 

.ARM.extab
 *(.ARM.extab* .gnu.linkonce.armextab.*)

.ARM            0x08006ef0        0x8
                0x08006ef0                __exidx_start = .
 *(.ARM.exidx*)
 .ARM.exidx     0x08006ef0        0x8 e:/stm32_workbench/plugins/fr.ac6.mcu.externaltools.arm-none.win32_1.13.2.201703061525/tools/compiler/bin/../lib/gcc/arm-none-eabi/5.4.1/armv7e-m/fpu\libgcc.a(_udivmoddi4.o)
                0x08006ef8                __exidx_end = .

.rel.dyn        0x08006ef8        0x0
 .rel.iplt      0x08006ef8        0x0 e:/stm32_workbench/plugins/fr.ac6.mcu.externaltools.arm-none.win32_1.13.2.201703061525/tools/compiler/bin/../lib/gcc/arm-none-eabi/5.4.1/armv7e-m/fpu/crtbegin.o

.preinit_array  0x08006ef8        0x0
                0x08006ef8                PROVIDE (__preinit_array_start, .)
 *(.preinit_array*)
                0x08006ef8                PROVIDE (__preinit_array_end, .)

.init_array     0x08006ef8        0x8
                0x08006ef8                PROVIDE (__init_array_start, .)
 *(SORT(.init_array.*))
 .init_array.00000
                0x08006ef8        0x4 e:/stm32_workbench/plugins/fr.ac6.mcu.externaltools.arm-none.win32_1.13.2.201703061525/tools/compiler/bin/../lib/gcc/arm-none-eabi/5.4.1/../../../../arm-none-eabi/lib/armv7e-m/fpu\libc.a(lib_a-__call_atexit.o)
 *(.init_array*)
 .init_array    0x08006efc        0x4 e:/stm32_workbench/plugins/fr.ac6.mcu.externaltools.arm-none.win32_1.13.2.201703061525/tools/compiler/bin/../lib/gcc/arm-none-eabi/5.4.1/armv7e-m/fpu/crtbegin.o
                0x08006f00                PROVIDE (__init_array_end, .)

.fini_array     0x08006f00        0x4
                0x08006f00                PROVIDE (__fini_array_start, .)
 *(SORT(.fini_array.*))
 *(.fini_array*)
 .fini_array    0x08006f00        0x4 e:/stm32_workbench/plugins/fr.ac6.mcu.externaltools.arm-none.win32_1.13.2.201703061525/tools/compiler/bin/../lib/gcc/arm-none-eabi/5.4.1/armv7e-m/fpu/crtbegin.o
                0x08006f04                PROVIDE (__fini_array_end, .)
                0x08006f04                _sidata = LOADADDR (.data)

.data           0x20000000      0xa08 load address 0x08006f04
                0x20000000                . = ALIGN (0x4)
                0x20000000                _sdata = .
 *(.data)
 .data          0x20000000       0x14 src/system_stm32f4xx.o
                0x20000000                SystemCoreClock
                0x20000004                AHBPrescTable
 .data          0x20000014        0xc src/tm_stm32f4_i2c.o
 .data          0x20000020       0x30 src/tm_stm32f4_usart.o
                0x20000020                TM_USART1
                0x20000030                TM_USART2
                0x20000040                TM_USART6
 .data          0x20000050       0x10 E:\stm_workspace\nucleo-f411re_stdperiph_lib\Debug\libnucleo-f411re_stdperiph_lib.a(stm32f4xx_rcc.o)
 *(.data*)
 .data.impure_data
                0x20000060      0x428 e:/stm32_workbench/plugins/fr.ac6.mcu.externaltools.arm-none.win32_1.13.2.201703061525/tools/compiler/bin/../lib/gcc/arm-none-eabi/5.4.1/../../../../arm-none-eabi/lib/armv7e-m/fpu\libc.a(lib_a-impure.o)
 .data._impure_ptr
                0x20000488        0x4 e:/stm32_workbench/plugins/fr.ac6.mcu.externaltools.arm-none.win32_1.13.2.201703061525/tools/compiler/bin/../lib/gcc/arm-none-eabi/5.4.1/../../../../arm-none-eabi/lib/armv7e-m/fpu\libc.a(lib_a-impure.o)
                0x20000488                _impure_ptr
 .data.__malloc_av_
                0x2000048c      0x408 e:/stm32_workbench/plugins/fr.ac6.mcu.externaltools.arm-none.win32_1.13.2.201703061525/tools/compiler/bin/../lib/gcc/arm-none-eabi/5.4.1/../../../../arm-none-eabi/lib/armv7e-m/fpu\libc.a(lib_a-mallocr.o)
                0x2000048c                __malloc_av_
 .data.__malloc_trim_threshold
                0x20000894        0x4 e:/stm32_workbench/plugins/fr.ac6.mcu.externaltools.arm-none.win32_1.13.2.201703061525/tools/compiler/bin/../lib/gcc/arm-none-eabi/5.4.1/../../../../arm-none-eabi/lib/armv7e-m/fpu\libc.a(lib_a-mallocr.o)
                0x20000894                __malloc_trim_threshold
 .data.__malloc_sbrk_base
                0x20000898        0x4 e:/stm32_workbench/plugins/fr.ac6.mcu.externaltools.arm-none.win32_1.13.2.201703061525/tools/compiler/bin/../lib/gcc/arm-none-eabi/5.4.1/../../../../arm-none-eabi/lib/armv7e-m/fpu\libc.a(lib_a-mallocr.o)
                0x20000898                __malloc_sbrk_base
 .data.__global_locale
                0x2000089c      0x16c e:/stm32_workbench/plugins/fr.ac6.mcu.externaltools.arm-none.win32_1.13.2.201703061525/tools/compiler/bin/../lib/gcc/arm-none-eabi/5.4.1/../../../../arm-none-eabi/lib/armv7e-m/fpu\libc.a(lib_a-locale.o)
                0x2000089c                __global_locale
                0x20000a08                . = ALIGN (0x4)
                0x20000a08                _edata = .

.jcr            0x20000a08        0x0 load address 0x0800790c
 .jcr           0x20000a08        0x0 e:/stm32_workbench/plugins/fr.ac6.mcu.externaltools.arm-none.win32_1.13.2.201703061525/tools/compiler/bin/../lib/gcc/arm-none-eabi/5.4.1/armv7e-m/fpu/crtbegin.o

.igot.plt       0x20000a08        0x0 load address 0x0800790c
 .igot.plt      0x20000a08        0x0 e:/stm32_workbench/plugins/fr.ac6.mcu.externaltools.arm-none.win32_1.13.2.201703061525/tools/compiler/bin/../lib/gcc/arm-none-eabi/5.4.1/armv7e-m/fpu/crtbegin.o
                0x20000a08                . = ALIGN (0x4)

.bss            0x20000a08       0xf0 load address 0x0800790c
                0x20000a08                _sbss = .
                0x20000a08                __bss_start__ = _sbss
 *(.bss)
 .bss           0x20000a08       0x1c e:/stm32_workbench/plugins/fr.ac6.mcu.externaltools.arm-none.win32_1.13.2.201703061525/tools/compiler/bin/../lib/gcc/arm-none-eabi/5.4.1/armv7e-m/fpu/crtbegin.o
 .bss           0x20000a24       0x14 src/debug.o
 .bss           0x20000a38        0x8 src/syscalls.o
                0x20000a38                __env
 .bss           0x20000a40       0x16 src/tm_stm32f4_gpio.o
 *fill*         0x20000a56        0x2 
 .bss           0x20000a58        0x4 src/tm_stm32f4_i2c.o
 *(.bss*)
 .bss.__malloc_max_total_mem
                0x20000a5c        0x4 e:/stm32_workbench/plugins/fr.ac6.mcu.externaltools.arm-none.win32_1.13.2.201703061525/tools/compiler/bin/../lib/gcc/arm-none-eabi/5.4.1/../../../../arm-none-eabi/lib/armv7e-m/fpu\libc.a(lib_a-mallocr.o)
                0x20000a5c                __malloc_max_total_mem
 .bss.__malloc_max_sbrked_mem
                0x20000a60        0x4 e:/stm32_workbench/plugins/fr.ac6.mcu.externaltools.arm-none.win32_1.13.2.201703061525/tools/compiler/bin/../lib/gcc/arm-none-eabi/5.4.1/../../../../arm-none-eabi/lib/armv7e-m/fpu\libc.a(lib_a-mallocr.o)
                0x20000a60                __malloc_max_sbrked_mem
 .bss.__malloc_top_pad
                0x20000a64        0x4 e:/stm32_workbench/plugins/fr.ac6.mcu.externaltools.arm-none.win32_1.13.2.201703061525/tools/compiler/bin/../lib/gcc/arm-none-eabi/5.4.1/../../../../arm-none-eabi/lib/armv7e-m/fpu\libc.a(lib_a-mallocr.o)
                0x20000a64                __malloc_top_pad
 .bss.__malloc_current_mallinfo
                0x20000a68       0x28 e:/stm32_workbench/plugins/fr.ac6.mcu.externaltools.arm-none.win32_1.13.2.201703061525/tools/compiler/bin/../lib/gcc/arm-none-eabi/5.4.1/../../../../arm-none-eabi/lib/armv7e-m/fpu\libc.a(lib_a-mallocr.o)
                0x20000a68                __malloc_current_mallinfo
 *(COMMON)
 COMMON         0x20000a90        0x4 src/stm32f4xx_it.o
                0x20000a90                ticks
 COMMON         0x20000a94       0x60 src/tm_stm32f4_usart.o
                0x20000a94                TM_USART6_Buffer
                0x20000ab4                TM_USART2_Buffer
                0x20000ad4                TM_USART1_Buffer
 COMMON         0x20000af4        0x4 e:/stm32_workbench/plugins/fr.ac6.mcu.externaltools.arm-none.win32_1.13.2.201703061525/tools/compiler/bin/../lib/gcc/arm-none-eabi/5.4.1/../../../../arm-none-eabi/lib/armv7e-m/fpu\libc.a(lib_a-reent.o)
                0x20000af4                errno
                0x20000af8                . = ALIGN (0x4)
                0x20000af8                _ebss = .
                0x20000af8                __bss_end__ = _ebss

._user_heap_stack
                0x20000af8      0x600 load address 0x0800790c
                0x20000af8                . = ALIGN (0x8)
                0x20000af8                PROVIDE (end, .)
                [!provide]                PROVIDE (_end, .)
                0x20000cf8                . = (. + _Min_Heap_Size)
 *fill*         0x20000af8      0x200 
                0x200010f8                . = (. + _Min_Stack_Size)
 *fill*         0x20000cf8      0x400 
                0x200010f8                . = ALIGN (0x8)

/DISCARD/
 libc.a(*)
 libm.a(*)
 libgcc.a(*)

.ARM.attributes
                0x00000000       0x30
 *(.ARM.attributes)
 .ARM.attributes
                0x00000000       0x22 e:/stm32_workbench/plugins/fr.ac6.mcu.externaltools.arm-none.win32_1.13.2.201703061525/tools/compiler/bin/../lib/gcc/arm-none-eabi/5.4.1/armv7e-m/fpu/crti.o
 .ARM.attributes
                0x00000022       0x34 e:/stm32_workbench/plugins/fr.ac6.mcu.externaltools.arm-none.win32_1.13.2.201703061525/tools/compiler/bin/../lib/gcc/arm-none-eabi/5.4.1/armv7e-m/fpu/crtbegin.o
 .ARM.attributes
                0x00000056       0x39 src/crc.o
 .ARM.attributes
                0x0000008f       0x39 src/debug.o
 .ARM.attributes
                0x000000c8       0x39 src/main.o
 .ARM.attributes
                0x00000101       0x39 src/stm32_Hw.o
 .ARM.attributes
                0x0000013a       0x39 src/stm32f4xx_it.o
 .ARM.attributes
                0x00000173       0x39 src/syscalls.o
 .ARM.attributes
                0x000001ac       0x39 src/system_stm32f4xx.o
 .ARM.attributes
                0x000001e5       0x39 src/tm_stm32f4_gpio.o
 .ARM.attributes
                0x0000021e       0x39 src/tm_stm32f4_i2c.o
 .ARM.attributes
                0x00000257       0x39 src/tm_stm32f4_usart.o
 .ARM.attributes
                0x00000290       0x21 startup/startup_stm32f411xe.o
 .ARM.attributes
                0x000002b1       0x39 E:\stm_workspace\nucleo-f411re_stdperiph_lib\Debug\libnucleo-f411re_stdperiph_lib.a(misc.o)
 .ARM.attributes
                0x000002ea       0x39 E:\stm_workspace\nucleo-f411re_stdperiph_lib\Debug\libnucleo-f411re_stdperiph_lib.a(stm32f4xx_gpio.o)
 .ARM.attributes
                0x00000323       0x39 E:\stm_workspace\nucleo-f411re_stdperiph_lib\Debug\libnucleo-f411re_stdperiph_lib.a(stm32f4xx_i2c.o)
 .ARM.attributes
                0x0000035c       0x39 E:\stm_workspace\nucleo-f411re_stdperiph_lib\Debug\libnucleo-f411re_stdperiph_lib.a(stm32f4xx_rcc.o)
 .ARM.attributes
                0x00000395       0x39 E:\stm_workspace\nucleo-f411re_stdperiph_lib\Debug\libnucleo-f411re_stdperiph_lib.a(stm32f4xx_usart.o)
 .ARM.attributes
                0x000003ce       0x34 e:/stm32_workbench/plugins/fr.ac6.mcu.externaltools.arm-none.win32_1.13.2.201703061525/tools/compiler/bin/../lib/gcc/arm-none-eabi/5.4.1/../../../../arm-none-eabi/lib/armv7e-m/fpu\libc.a(lib_a-errno.o)
 .ARM.attributes
                0x00000402       0x34 e:/stm32_workbench/plugins/fr.ac6.mcu.externaltools.arm-none.win32_1.13.2.201703061525/tools/compiler/bin/../lib/gcc/arm-none-eabi/5.4.1/../../../../arm-none-eabi/lib/armv7e-m/fpu\libc.a(lib_a-impure.o)
 .ARM.attributes
                0x00000436       0x34 e:/stm32_workbench/plugins/fr.ac6.mcu.externaltools.arm-none.win32_1.13.2.201703061525/tools/compiler/bin/../lib/gcc/arm-none-eabi/5.4.1/../../../../arm-none-eabi/lib/armv7e-m/fpu\libc.a(lib_a-init.o)
 .ARM.attributes
                0x0000046a       0x34 e:/stm32_workbench/plugins/fr.ac6.mcu.externaltools.arm-none.win32_1.13.2.201703061525/tools/compiler/bin/../lib/gcc/arm-none-eabi/5.4.1/../../../../arm-none-eabi/lib/armv7e-m/fpu\libc.a(lib_a-malloc.o)
 .ARM.attributes
                0x0000049e       0x34 e:/stm32_workbench/plugins/fr.ac6.mcu.externaltools.arm-none.win32_1.13.2.201703061525/tools/compiler/bin/../lib/gcc/arm-none-eabi/5.4.1/../../../../arm-none-eabi/lib/armv7e-m/fpu\libc.a(lib_a-mallocr.o)
 .ARM.attributes
                0x000004d2       0x34 e:/stm32_workbench/plugins/fr.ac6.mcu.externaltools.arm-none.win32_1.13.2.201703061525/tools/compiler/bin/../lib/gcc/arm-none-eabi/5.4.1/../../../../arm-none-eabi/lib/armv7e-m/fpu\libc.a(lib_a-memset.o)
 .ARM.attributes
                0x00000506       0x34 e:/stm32_workbench/plugins/fr.ac6.mcu.externaltools.arm-none.win32_1.13.2.201703061525/tools/compiler/bin/../lib/gcc/arm-none-eabi/5.4.1/../../../../arm-none-eabi/lib/armv7e-m/fpu\libc.a(lib_a-mlock.o)
 .ARM.attributes
                0x0000053a       0x34 e:/stm32_workbench/plugins/fr.ac6.mcu.externaltools.arm-none.win32_1.13.2.201703061525/tools/compiler/bin/../lib/gcc/arm-none-eabi/5.4.1/../../../../arm-none-eabi/lib/armv7e-m/fpu\libc.a(lib_a-sbrkr.o)
 .ARM.attributes
                0x0000056e       0x20 e:/stm32_workbench/plugins/fr.ac6.mcu.externaltools.arm-none.win32_1.13.2.201703061525/tools/compiler/bin/../lib/gcc/arm-none-eabi/5.4.1/../../../../arm-none-eabi/lib/armv7e-m/fpu\libc.a(lib_a-strlen.o)
 .ARM.attributes
                0x0000058e       0x34 e:/stm32_workbench/plugins/fr.ac6.mcu.externaltools.arm-none.win32_1.13.2.201703061525/tools/compiler/bin/../lib/gcc/arm-none-eabi/5.4.1/../../../../arm-none-eabi/lib/armv7e-m/fpu\libc.a(lib_a-vsnprintf.o)
 .ARM.attributes
                0x000005c2       0x34 e:/stm32_workbench/plugins/fr.ac6.mcu.externaltools.arm-none.win32_1.13.2.201703061525/tools/compiler/bin/../lib/gcc/arm-none-eabi/5.4.1/../../../../arm-none-eabi/lib/armv7e-m/fpu\libc.a(lib_a-__call_atexit.o)
 .ARM.attributes
                0x000005f6       0x34 e:/stm32_workbench/plugins/fr.ac6.mcu.externaltools.arm-none.win32_1.13.2.201703061525/tools/compiler/bin/../lib/gcc/arm-none-eabi/5.4.1/../../../../arm-none-eabi/lib/armv7e-m/fpu\libc.a(lib_a-atexit.o)
 .ARM.attributes
                0x0000062a       0x34 e:/stm32_workbench/plugins/fr.ac6.mcu.externaltools.arm-none.win32_1.13.2.201703061525/tools/compiler/bin/../lib/gcc/arm-none-eabi/5.4.1/../../../../arm-none-eabi/lib/armv7e-m/fpu\libc.a(lib_a-fini.o)
 .ARM.attributes
                0x0000065e       0x34 e:/stm32_workbench/plugins/fr.ac6.mcu.externaltools.arm-none.win32_1.13.2.201703061525/tools/compiler/bin/../lib/gcc/arm-none-eabi/5.4.1/../../../../arm-none-eabi/lib/armv7e-m/fpu\libc.a(lib_a-freer.o)
 .ARM.attributes
                0x00000692       0x34 e:/stm32_workbench/plugins/fr.ac6.mcu.externaltools.arm-none.win32_1.13.2.201703061525/tools/compiler/bin/../lib/gcc/arm-none-eabi/5.4.1/../../../../arm-none-eabi/lib/armv7e-m/fpu\libc.a(lib_a-reent.o)
 .ARM.attributes
                0x000006c6       0x34 e:/stm32_workbench/plugins/fr.ac6.mcu.externaltools.arm-none.win32_1.13.2.201703061525/tools/compiler/bin/../lib/gcc/arm-none-eabi/5.4.1/../../../../arm-none-eabi/lib/armv7e-m/fpu\libc.a(lib_a-svfprintf.o)
 .ARM.attributes
                0x000006fa       0x34 e:/stm32_workbench/plugins/fr.ac6.mcu.externaltools.arm-none.win32_1.13.2.201703061525/tools/compiler/bin/../lib/gcc/arm-none-eabi/5.4.1/../../../../arm-none-eabi/lib/armv7e-m/fpu\libc.a(lib_a-__atexit.o)
 .ARM.attributes
                0x0000072e       0x34 e:/stm32_workbench/plugins/fr.ac6.mcu.externaltools.arm-none.win32_1.13.2.201703061525/tools/compiler/bin/../lib/gcc/arm-none-eabi/5.4.1/../../../../arm-none-eabi/lib/armv7e-m/fpu\libc.a(lib_a-dtoa.o)
 .ARM.attributes
                0x00000762       0x34 e:/stm32_workbench/plugins/fr.ac6.mcu.externaltools.arm-none.win32_1.13.2.201703061525/tools/compiler/bin/../lib/gcc/arm-none-eabi/5.4.1/../../../../arm-none-eabi/lib/armv7e-m/fpu\libc.a(lib_a-localeconv.o)
 .ARM.attributes
                0x00000796       0x20 e:/stm32_workbench/plugins/fr.ac6.mcu.externaltools.arm-none.win32_1.13.2.201703061525/tools/compiler/bin/../lib/gcc/arm-none-eabi/5.4.1/../../../../arm-none-eabi/lib/armv7e-m/fpu\libc.a(lib_a-memchr.o)
 .ARM.attributes
                0x000007b6       0x20 e:/stm32_workbench/plugins/fr.ac6.mcu.externaltools.arm-none.win32_1.13.2.201703061525/tools/compiler/bin/../lib/gcc/arm-none-eabi/5.4.1/../../../../arm-none-eabi/lib/armv7e-m/fpu\libc.a(lib_a-memcpy.o)
 .ARM.attributes
                0x000007d6       0x34 e:/stm32_workbench/plugins/fr.ac6.mcu.externaltools.arm-none.win32_1.13.2.201703061525/tools/compiler/bin/../lib/gcc/arm-none-eabi/5.4.1/../../../../arm-none-eabi/lib/armv7e-m/fpu\libc.a(lib_a-mprec.o)
 .ARM.attributes
                0x0000080a       0x34 e:/stm32_workbench/plugins/fr.ac6.mcu.externaltools.arm-none.win32_1.13.2.201703061525/tools/compiler/bin/../lib/gcc/arm-none-eabi/5.4.1/../../../../arm-none-eabi/lib/armv7e-m/fpu\libc.a(lib_a-svfiprintf.o)
 .ARM.attributes
                0x0000083e       0x34 e:/stm32_workbench/plugins/fr.ac6.mcu.externaltools.arm-none.win32_1.13.2.201703061525/tools/compiler/bin/../lib/gcc/arm-none-eabi/5.4.1/../../../../arm-none-eabi/lib/armv7e-m/fpu\libc.a(lib_a-callocr.o)
 .ARM.attributes
                0x00000872       0x34 e:/stm32_workbench/plugins/fr.ac6.mcu.externaltools.arm-none.win32_1.13.2.201703061525/tools/compiler/bin/../lib/gcc/arm-none-eabi/5.4.1/../../../../arm-none-eabi/lib/armv7e-m/fpu\libc.a(lib_a-locale.o)
 .ARM.attributes
                0x000008a6       0x34 e:/stm32_workbench/plugins/fr.ac6.mcu.externaltools.arm-none.win32_1.13.2.201703061525/tools/compiler/bin/../lib/gcc/arm-none-eabi/5.4.1/../../../../arm-none-eabi/lib/armv7e-m/fpu\libc.a(lib_a-mbtowc_r.o)
 .ARM.attributes
                0x000008da       0x34 e:/stm32_workbench/plugins/fr.ac6.mcu.externaltools.arm-none.win32_1.13.2.201703061525/tools/compiler/bin/../lib/gcc/arm-none-eabi/5.4.1/../../../../arm-none-eabi/lib/armv7e-m/fpu\libc.a(lib_a-memmove.o)
 .ARM.attributes
                0x0000090e       0x34 e:/stm32_workbench/plugins/fr.ac6.mcu.externaltools.arm-none.win32_1.13.2.201703061525/tools/compiler/bin/../lib/gcc/arm-none-eabi/5.4.1/../../../../arm-none-eabi/lib/armv7e-m/fpu\libc.a(lib_a-reallocr.o)
 .ARM.attributes
                0x00000942       0x34 e:/stm32_workbench/plugins/fr.ac6.mcu.externaltools.arm-none.win32_1.13.2.201703061525/tools/compiler/bin/../lib/gcc/arm-none-eabi/5.4.1/../../../../arm-none-eabi/lib/armv7e-m/fpu\libc.a(lib_a-wctomb_r.o)
 .ARM.attributes
                0x00000976       0x34 e:/stm32_workbench/plugins/fr.ac6.mcu.externaltools.arm-none.win32_1.13.2.201703061525/tools/compiler/bin/../lib/gcc/arm-none-eabi/5.4.1/../../../../arm-none-eabi/lib/armv7e-m/fpu\libc.a(lib_a-ctype_.o)
 .ARM.attributes
                0x000009aa       0x22 e:/stm32_workbench/plugins/fr.ac6.mcu.externaltools.arm-none.win32_1.13.2.201703061525/tools/compiler/bin/../lib/gcc/arm-none-eabi/5.4.1/armv7e-m/fpu\libgcc.a(_arm_addsubdf3.o)
 .ARM.attributes
                0x000009cc       0x22 e:/stm32_workbench/plugins/fr.ac6.mcu.externaltools.arm-none.win32_1.13.2.201703061525/tools/compiler/bin/../lib/gcc/arm-none-eabi/5.4.1/armv7e-m/fpu\libgcc.a(_arm_muldivdf3.o)
 .ARM.attributes
                0x000009ee       0x22 e:/stm32_workbench/plugins/fr.ac6.mcu.externaltools.arm-none.win32_1.13.2.201703061525/tools/compiler/bin/../lib/gcc/arm-none-eabi/5.4.1/armv7e-m/fpu\libgcc.a(_arm_cmpdf2.o)
 .ARM.attributes
                0x00000a10       0x22 e:/stm32_workbench/plugins/fr.ac6.mcu.externaltools.arm-none.win32_1.13.2.201703061525/tools/compiler/bin/../lib/gcc/arm-none-eabi/5.4.1/armv7e-m/fpu\libgcc.a(_arm_unorddf2.o)
 .ARM.attributes
                0x00000a32       0x22 e:/stm32_workbench/plugins/fr.ac6.mcu.externaltools.arm-none.win32_1.13.2.201703061525/tools/compiler/bin/../lib/gcc/arm-none-eabi/5.4.1/armv7e-m/fpu\libgcc.a(_arm_fixdfsi.o)
 .ARM.attributes
                0x00000a54       0x22 e:/stm32_workbench/plugins/fr.ac6.mcu.externaltools.arm-none.win32_1.13.2.201703061525/tools/compiler/bin/../lib/gcc/arm-none-eabi/5.4.1/armv7e-m/fpu\libgcc.a(_aeabi_uldivmod.o)
 .ARM.attributes
                0x00000a76       0x34 e:/stm32_workbench/plugins/fr.ac6.mcu.externaltools.arm-none.win32_1.13.2.201703061525/tools/compiler/bin/../lib/gcc/arm-none-eabi/5.4.1/armv7e-m/fpu\libgcc.a(_udivmoddi4.o)
 .ARM.attributes
                0x00000aaa       0x22 e:/stm32_workbench/plugins/fr.ac6.mcu.externaltools.arm-none.win32_1.13.2.201703061525/tools/compiler/bin/../lib/gcc/arm-none-eabi/5.4.1/armv7e-m/fpu\libgcc.a(_dvmd_tls.o)
 .ARM.attributes
                0x00000acc       0x22 e:/stm32_workbench/plugins/fr.ac6.mcu.externaltools.arm-none.win32_1.13.2.201703061525/tools/compiler/bin/../lib/gcc/arm-none-eabi/5.4.1/armv7e-m/fpu/crtn.o
OUTPUT(kamod.elf elf32-littlearm)

.debug_info     0x00000000     0x70b5
 .debug_info    0x00000000      0x10c src/crc.o
 .debug_info    0x0000010c      0x32d src/debug.o
 .debug_info    0x00000439      0x474 src/main.o
 .debug_info    0x000008ad      0xa72 src/stm32_Hw.o
 .debug_info    0x0000131f      0x195 src/stm32f4xx_it.o
 .debug_info    0x000014b4      0x660 src/syscalls.o
 .debug_info    0x00001b14      0x5be src/system_stm32f4xx.o
 .debug_info    0x000020d2      0x879 src/tm_stm32f4_gpio.o
 .debug_info    0x0000294b      0xace src/tm_stm32f4_i2c.o
 .debug_info    0x00003419      0xdcd src/tm_stm32f4_usart.o
 .debug_info    0x000041e6       0x6a startup/startup_stm32f411xe.o
 .debug_info    0x00004250      0x545 E:\stm_workspace\nucleo-f411re_stdperiph_lib\Debug\libnucleo-f411re_stdperiph_lib.a(misc.o)
 .debug_info    0x00004795      0x60d E:\stm_workspace\nucleo-f411re_stdperiph_lib\Debug\libnucleo-f411re_stdperiph_lib.a(stm32f4xx_gpio.o)
 .debug_info    0x00004da2      0xb8f E:\stm_workspace\nucleo-f411re_stdperiph_lib\Debug\libnucleo-f411re_stdperiph_lib.a(stm32f4xx_i2c.o)
 .debug_info    0x00005931      0xdba E:\stm_workspace\nucleo-f411re_stdperiph_lib\Debug\libnucleo-f411re_stdperiph_lib.a(stm32f4xx_rcc.o)
 .debug_info    0x000066eb      0x9ca E:\stm_workspace\nucleo-f411re_stdperiph_lib\Debug\libnucleo-f411re_stdperiph_lib.a(stm32f4xx_usart.o)

.debug_abbrev   0x00000000     0x1558
 .debug_abbrev  0x00000000       0x8c src/crc.o
 .debug_abbrev  0x0000008c      0x14b src/debug.o
 .debug_abbrev  0x000001d7      0x117 src/main.o
 .debug_abbrev  0x000002ee      0x1fe src/stm32_Hw.o
 .debug_abbrev  0x000004ec       0xb3 src/stm32f4xx_it.o
 .debug_abbrev  0x0000059f      0x174 src/syscalls.o
 .debug_abbrev  0x00000713      0x11a src/system_stm32f4xx.o
 .debug_abbrev  0x0000082d      0x156 src/tm_stm32f4_gpio.o
 .debug_abbrev  0x00000983      0x1ef src/tm_stm32f4_i2c.o
 .debug_abbrev  0x00000b72      0x260 src/tm_stm32f4_usart.o
 .debug_abbrev  0x00000dd2       0x12 startup/startup_stm32f411xe.o
 .debug_abbrev  0x00000de4      0x14a E:\stm_workspace\nucleo-f411re_stdperiph_lib\Debug\libnucleo-f411re_stdperiph_lib.a(misc.o)
 .debug_abbrev  0x00000f2e      0x1a8 E:\stm_workspace\nucleo-f411re_stdperiph_lib\Debug\libnucleo-f411re_stdperiph_lib.a(stm32f4xx_gpio.o)
 .debug_abbrev  0x000010d6      0x169 E:\stm_workspace\nucleo-f411re_stdperiph_lib\Debug\libnucleo-f411re_stdperiph_lib.a(stm32f4xx_i2c.o)
 .debug_abbrev  0x0000123f      0x1bf E:\stm_workspace\nucleo-f411re_stdperiph_lib\Debug\libnucleo-f411re_stdperiph_lib.a(stm32f4xx_rcc.o)
 .debug_abbrev  0x000013fe      0x15a E:\stm_workspace\nucleo-f411re_stdperiph_lib\Debug\libnucleo-f411re_stdperiph_lib.a(stm32f4xx_usart.o)

.debug_aranges  0x00000000      0x8d8
 .debug_aranges
                0x00000000       0x20 src/crc.o
 .debug_aranges
                0x00000020       0x30 src/debug.o
 .debug_aranges
                0x00000050       0x30 src/main.o
 .debug_aranges
                0x00000080       0x38 src/stm32_Hw.o
 .debug_aranges
                0x000000b8       0x68 src/stm32f4xx_it.o
 .debug_aranges
                0x00000120       0xb0 src/syscalls.o
 .debug_aranges
                0x000001d0       0x30 src/system_stm32f4xx.o
 .debug_aranges
                0x00000200       0x98 src/tm_stm32f4_gpio.o
 .debug_aranges
                0x00000298       0xb0 src/tm_stm32f4_i2c.o
 .debug_aranges
                0x00000348       0xc8 src/tm_stm32f4_usart.o
 .debug_aranges
                0x00000410       0x28 startup/startup_stm32f411xe.o
 .debug_aranges
                0x00000438       0x40 E:\stm_workspace\nucleo-f411re_stdperiph_lib\Debug\libnucleo-f411re_stdperiph_lib.a(misc.o)
 .debug_aranges
                0x00000478       0x88 E:\stm_workspace\nucleo-f411re_stdperiph_lib\Debug\libnucleo-f411re_stdperiph_lib.a(stm32f4xx_gpio.o)
 .debug_aranges
                0x00000500      0x130 E:\stm_workspace\nucleo-f411re_stdperiph_lib\Debug\libnucleo-f411re_stdperiph_lib.a(stm32f4xx_i2c.o)
 .debug_aranges
                0x00000630      0x1a8 E:\stm_workspace\nucleo-f411re_stdperiph_lib\Debug\libnucleo-f411re_stdperiph_lib.a(stm32f4xx_rcc.o)
 .debug_aranges
                0x000007d8      0x100 E:\stm_workspace\nucleo-f411re_stdperiph_lib\Debug\libnucleo-f411re_stdperiph_lib.a(stm32f4xx_usart.o)

.debug_ranges   0x00000000      0x7e0
 .debug_ranges  0x00000000       0x10 src/crc.o
 .debug_ranges  0x00000010       0x20 src/debug.o
 .debug_ranges  0x00000030       0x20 src/main.o
 .debug_ranges  0x00000050       0x28 src/stm32_Hw.o
 .debug_ranges  0x00000078       0x58 src/stm32f4xx_it.o
 .debug_ranges  0x000000d0       0xa0 src/syscalls.o
 .debug_ranges  0x00000170       0x20 src/system_stm32f4xx.o
 .debug_ranges  0x00000190       0x88 src/tm_stm32f4_gpio.o
 .debug_ranges  0x00000218       0xa0 src/tm_stm32f4_i2c.o
 .debug_ranges  0x000002b8       0xb8 src/tm_stm32f4_usart.o
 .debug_ranges  0x00000370       0x20 startup/startup_stm32f411xe.o
 .debug_ranges  0x00000390       0x30 E:\stm_workspace\nucleo-f411re_stdperiph_lib\Debug\libnucleo-f411re_stdperiph_lib.a(misc.o)
 .debug_ranges  0x000003c0       0x78 E:\stm_workspace\nucleo-f411re_stdperiph_lib\Debug\libnucleo-f411re_stdperiph_lib.a(stm32f4xx_gpio.o)
 .debug_ranges  0x00000438      0x120 E:\stm_workspace\nucleo-f411re_stdperiph_lib\Debug\libnucleo-f411re_stdperiph_lib.a(stm32f4xx_i2c.o)
 .debug_ranges  0x00000558      0x198 E:\stm_workspace\nucleo-f411re_stdperiph_lib\Debug\libnucleo-f411re_stdperiph_lib.a(stm32f4xx_rcc.o)
 .debug_ranges  0x000006f0       0xf0 E:\stm_workspace\nucleo-f411re_stdperiph_lib\Debug\libnucleo-f411re_stdperiph_lib.a(stm32f4xx_usart.o)

.debug_macro    0x00000000    0x12b25
 .debug_macro   0x00000000       0x7e src/crc.o
 .debug_macro   0x0000007e      0x8aa src/crc.o
 .debug_macro   0x00000928       0x22 src/crc.o
 .debug_macro   0x0000094a       0x87 src/crc.o
 .debug_macro   0x000009d1       0x44 src/crc.o
 .debug_macro   0x00000a15       0xfd src/crc.o
 .debug_macro   0x00000b12       0x5e src/crc.o
 .debug_macro   0x00000b70      0x1df src/crc.o
 .debug_macro   0x00000d4f       0x22 src/crc.o
 .debug_macro   0x00000d71      0x358 src/debug.o
 .debug_macro   0x000010c9       0x58 src/debug.o
 .debug_macro   0x00001121       0x4c src/debug.o
 .debug_macro   0x0000116d       0x8d src/debug.o
 .debug_macro   0x000011fa       0x35 src/debug.o
 .debug_macro   0x0000122f       0x9c src/debug.o
 .debug_macro   0x000012cb      0x174 src/debug.o
 .debug_macro   0x0000143f       0x4a src/debug.o
 .debug_macro   0x00001489       0x52 src/debug.o
 .debug_macro   0x000014db       0x1f src/debug.o
 .debug_macro   0x000014fa       0x43 src/debug.o
 .debug_macro   0x0000153d       0x20 src/debug.o
 .debug_macro   0x0000155d      0x187 src/debug.o
 .debug_macro   0x000016e4      0x30d src/debug.o
 .debug_macro   0x000019f1       0x10 src/debug.o
 .debug_macro   0x00001a01       0x35 src/debug.o
 .debug_macro   0x00001a36       0x1c src/debug.o
 .debug_macro   0x00001a52       0x10 src/debug.o
 .debug_macro   0x00001a62       0x1c src/debug.o
 .debug_macro   0x00001a7e       0x52 src/debug.o
 .debug_macro   0x00001ad0       0x40 src/debug.o
 .debug_macro   0x00001b10       0x10 src/debug.o
 .debug_macro   0x00001b20       0x40 src/debug.o
 .debug_macro   0x00001b60       0xd7 src/debug.o
 .debug_macro   0x00001c37       0x16 src/debug.o
 .debug_macro   0x00001c4d      0x18b src/debug.o
 .debug_macro   0x00001dd8       0x16 src/debug.o
 .debug_macro   0x00001dee       0x16 src/debug.o
 .debug_macro   0x00001e04       0x29 src/debug.o
 .debug_macro   0x00001e2d       0x65 src/debug.o
 .debug_macro   0x00001e92       0x3b src/debug.o
 .debug_macro   0x00001ecd       0x2d src/debug.o
 .debug_macro   0x00001efa       0x26 src/debug.o
 .debug_macro   0x00001f20      0xd39 src/debug.o
 .debug_macro   0x00002c59     0x7ce5 src/debug.o
 .debug_macro   0x0000a93e      0x44f src/debug.o
 .debug_macro   0x0000ad8d       0xb2 src/debug.o
 .debug_macro   0x0000ae3f      0x477 src/debug.o
 .debug_macro   0x0000b2b6       0xae src/debug.o
 .debug_macro   0x0000b364      0x41c src/debug.o
 .debug_macro   0x0000b780      0x2e6 src/debug.o
 .debug_macro   0x0000ba66      0x2ba src/debug.o
 .debug_macro   0x0000bd20       0x64 src/debug.o
 .debug_macro   0x0000bd84       0xeb src/debug.o
 .debug_macro   0x0000be6f      0x642 src/debug.o
 .debug_macro   0x0000c4b1      0x57b src/debug.o
 .debug_macro   0x0000ca2c      0x342 src/debug.o
 .debug_macro   0x0000cd6e      0x36c src/debug.o
 .debug_macro   0x0000d0da       0xf0 src/debug.o
 .debug_macro   0x0000d1ca      0x73b src/debug.o
 .debug_macro   0x0000d905       0x34 src/debug.o
 .debug_macro   0x0000d939       0x82 src/debug.o
 .debug_macro   0x0000d9bb       0x10 src/debug.o
 .debug_macro   0x0000d9cb       0x35 src/debug.o
 .debug_macro   0x0000da00      0x21d src/debug.o
 .debug_macro   0x0000dc1d       0x1c src/debug.o
 .debug_macro   0x0000dc39       0x10 src/debug.o
 .debug_macro   0x0000dc49       0xaf src/debug.o
 .debug_macro   0x0000dcf8      0x18c src/debug.o
 .debug_macro   0x0000de84      0x365 src/main.o
 .debug_macro   0x0000e1e9       0x16 src/main.o
 .debug_macro   0x0000e1ff       0x97 src/main.o
 .debug_macro   0x0000e296       0xfd src/main.o
 .debug_macro   0x0000e393       0x10 src/main.o
 .debug_macro   0x0000e3a3       0x16 src/main.o
 .debug_macro   0x0000e3b9      0x223 src/main.o
 .debug_macro   0x0000e5dc       0x90 src/main.o
 .debug_macro   0x0000e66c       0x4c src/main.o
 .debug_macro   0x0000e6b8      0x1fb src/stm32_Hw.o
 .debug_macro   0x0000e8b3      0x2e0 src/stm32_Hw.o
 .debug_macro   0x0000eb93       0x16 src/stm32_Hw.o
 .debug_macro   0x0000eba9      0x18b src/stm32f4xx_it.o
 .debug_macro   0x0000ed34      0x1a3 src/syscalls.o
 .debug_macro   0x0000eed7      0x892 src/syscalls.o
 .debug_macro   0x0000f769       0x58 src/syscalls.o
 .debug_macro   0x0000f7c1       0x22 src/syscalls.o
 .debug_macro   0x0000f7e3       0x35 src/syscalls.o
 .debug_macro   0x0000f818       0x9c src/syscalls.o
 .debug_macro   0x0000f8b4      0x166 src/syscalls.o
 .debug_macro   0x0000fa1a       0x16 src/syscalls.o
 .debug_macro   0x0000fa30       0x43 src/syscalls.o
 .debug_macro   0x0000fa73      0x180 src/syscalls.o
 .debug_macro   0x0000fbf3       0x10 src/syscalls.o
 .debug_macro   0x0000fc03       0x35 src/syscalls.o
 .debug_macro   0x0000fc38       0x10 src/syscalls.o
 .debug_macro   0x0000fc48       0x10 src/syscalls.o
 .debug_macro   0x0000fc58       0x10 src/syscalls.o
 .debug_macro   0x0000fc68       0x22 src/syscalls.o
 .debug_macro   0x0000fc8a       0xbd src/syscalls.o
 .debug_macro   0x0000fd47       0x35 src/syscalls.o
 .debug_macro   0x0000fd7c      0x29d src/syscalls.o
 .debug_macro   0x00010019      0x121 src/syscalls.o
 .debug_macro   0x0001013a       0x29 src/syscalls.o
 .debug_macro   0x00010163       0x10 src/syscalls.o
 .debug_macro   0x00010173      0x241 src/syscalls.o
 .debug_macro   0x000103b4      0x196 src/syscalls.o
 .debug_macro   0x0001054a      0x13e src/syscalls.o
 .debug_macro   0x00010688       0x16 src/syscalls.o
 .debug_macro   0x0001069e       0x22 src/syscalls.o
 .debug_macro   0x000106c0      0x1a5 src/system_stm32f4xx.o
 .debug_macro   0x00010865      0x194 src/tm_stm32f4_gpio.o
 .debug_macro   0x000109f9       0xa9 src/tm_stm32f4_gpio.o
 .debug_macro   0x00010aa2      0x208 src/tm_stm32f4_i2c.o
 .debug_macro   0x00010caa       0x6d src/tm_stm32f4_i2c.o
 .debug_macro   0x00010d17      0x1be src/tm_stm32f4_usart.o
 .debug_macro   0x00010ed5       0x7c src/tm_stm32f4_usart.o
 .debug_macro   0x00010f51      0x179 E:\stm_workspace\nucleo-f411re_stdperiph_lib\Debug\libnucleo-f411re_stdperiph_lib.a(misc.o)
 .debug_macro   0x000110ca      0x88c E:\stm_workspace\nucleo-f411re_stdperiph_lib\Debug\libnucleo-f411re_stdperiph_lib.a(misc.o)
 .debug_macro   0x00011956       0x1c E:\stm_workspace\nucleo-f411re_stdperiph_lib\Debug\libnucleo-f411re_stdperiph_lib.a(misc.o)
 .debug_macro   0x00011972      0x1f7 E:\stm_workspace\nucleo-f411re_stdperiph_lib\Debug\libnucleo-f411re_stdperiph_lib.a(misc.o)
 .debug_macro   0x00011b69      0x177 E:\stm_workspace\nucleo-f411re_stdperiph_lib\Debug\libnucleo-f411re_stdperiph_lib.a(stm32f4xx_gpio.o)
 .debug_macro   0x00011ce0      0x189 E:\stm_workspace\nucleo-f411re_stdperiph_lib\Debug\libnucleo-f411re_stdperiph_lib.a(stm32f4xx_i2c.o)
 .debug_macro   0x00011e69      0x2b4 E:\stm_workspace\nucleo-f411re_stdperiph_lib\Debug\libnucleo-f411re_stdperiph_lib.a(stm32f4xx_i2c.o)
 .debug_macro   0x0001211d      0x23d E:\stm_workspace\nucleo-f411re_stdperiph_lib\Debug\libnucleo-f411re_stdperiph_lib.a(stm32f4xx_rcc.o)
 .debug_macro   0x0001235a      0x63c E:\stm_workspace\nucleo-f411re_stdperiph_lib\Debug\libnucleo-f411re_stdperiph_lib.a(stm32f4xx_rcc.o)
 .debug_macro   0x00012996      0x18f E:\stm_workspace\nucleo-f411re_stdperiph_lib\Debug\libnucleo-f411re_stdperiph_lib.a(stm32f4xx_usart.o)

.debug_line     0x00000000     0x682c
 .debug_line    0x00000000      0x2fe src/crc.o
 .debug_line    0x000002fe      0x777 src/debug.o
 .debug_line    0x00000a75      0x7a0 src/main.o
 .debug_line    0x00001215      0x66e src/stm32_Hw.o
 .debug_line    0x00001883      0x656 src/stm32f4xx_it.o
 .debug_line    0x00001ed9      0x512 src/syscalls.o
 .debug_line    0x000023eb      0x5d6 src/system_stm32f4xx.o
 .debug_line    0x000029c1      0x769 src/tm_stm32f4_gpio.o
 .debug_line    0x0000312a      0x822 src/tm_stm32f4_i2c.o
 .debug_line    0x0000394c      0x83f src/tm_stm32f4_usart.o
 .debug_line    0x0000418b       0x7f startup/startup_stm32f411xe.o
 .debug_line    0x0000420a      0x5af E:\stm_workspace\nucleo-f411re_stdperiph_lib\Debug\libnucleo-f411re_stdperiph_lib.a(misc.o)
 .debug_line    0x000047b9      0x6a9 E:\stm_workspace\nucleo-f411re_stdperiph_lib\Debug\libnucleo-f411re_stdperiph_lib.a(stm32f4xx_gpio.o)
 .debug_line    0x00004e62      0x853 E:\stm_workspace\nucleo-f411re_stdperiph_lib\Debug\libnucleo-f411re_stdperiph_lib.a(stm32f4xx_i2c.o)
 .debug_line    0x000056b5      0x983 E:\stm_workspace\nucleo-f411re_stdperiph_lib\Debug\libnucleo-f411re_stdperiph_lib.a(stm32f4xx_rcc.o)
 .debug_line    0x00006038      0x7f4 E:\stm_workspace\nucleo-f411re_stdperiph_lib\Debug\libnucleo-f411re_stdperiph_lib.a(stm32f4xx_usart.o)

.debug_str      0x00000000    0x5aef8
 .debug_str     0x00000000     0x3336 src/crc.o
                               0x34ae (size before relaxing)
 .debug_str     0x00003336    0x52d6b src/debug.o
                              0x5627d (size before relaxing)
 .debug_str     0x000560a1      0x491 src/main.o
                              0x564c7 (size before relaxing)
 .debug_str     0x00056532      0x5f1 src/stm32_Hw.o
                              0x52f9c (size before relaxing)
 .debug_str     0x00056b23       0xaf src/stm32f4xx_it.o
                              0x516c4 (size before relaxing)
 .debug_str     0x00056bd2     0x1c75 src/syscalls.o
                               0x6761 (size before relaxing)
 .debug_str     0x00058847      0x1c4 src/system_stm32f4xx.o
                              0x51875 (size before relaxing)
 .debug_str     0x00058a0b      0x2ac src/tm_stm32f4_gpio.o
                              0x51eff (size before relaxing)
 .debug_str     0x00058cb7      0x2de src/tm_stm32f4_i2c.o
                              0x52d7a (size before relaxing)
 .debug_str     0x00058f95      0x43d src/tm_stm32f4_usart.o
                              0x52f02 (size before relaxing)
 .debug_str     0x000593d2      0x563 E:\stm_workspace\nucleo-f411re_stdperiph_lib\Debug\libnucleo-f411re_stdperiph_lib.a(misc.o)
                              0x5149c (size before relaxing)
 .debug_str     0x00059935      0x169 E:\stm_workspace\nucleo-f411re_stdperiph_lib\Debug\libnucleo-f411re_stdperiph_lib.a(stm32f4xx_gpio.o)
                              0x51544 (size before relaxing)
 .debug_str     0x00059a9e      0x42b E:\stm_workspace\nucleo-f411re_stdperiph_lib\Debug\libnucleo-f411re_stdperiph_lib.a(stm32f4xx_i2c.o)
                              0x517ba (size before relaxing)
 .debug_str     0x00059ec9      0xb9e E:\stm_workspace\nucleo-f411re_stdperiph_lib\Debug\libnucleo-f411re_stdperiph_lib.a(stm32f4xx_rcc.o)
                              0x51fdb (size before relaxing)
 .debug_str     0x0005aa67      0x491 E:\stm_workspace\nucleo-f411re_stdperiph_lib\Debug\libnucleo-f411re_stdperiph_lib.a(stm32f4xx_usart.o)
                              0x51857 (size before relaxing)

.comment        0x00000000       0xde
 .comment       0x00000000       0x6e src/crc.o
                                 0x6f (size before relaxing)
 .comment       0x0000006e       0x6f src/debug.o
 .comment       0x0000006e       0x6f src/main.o
 .comment       0x0000006e       0x6f src/stm32_Hw.o
 .comment       0x0000006e       0x6f src/stm32f4xx_it.o
 .comment       0x0000006e       0x70 src/syscalls.o
                                 0x71 (size before relaxing)
 .comment       0x000000de       0x6f src/system_stm32f4xx.o
 .comment       0x000000de       0x6f src/tm_stm32f4_gpio.o
 .comment       0x000000de       0x6f src/tm_stm32f4_i2c.o
 .comment       0x000000de       0x6f src/tm_stm32f4_usart.o
 .comment       0x000000de       0x71 E:\stm_workspace\nucleo-f411re_stdperiph_lib\Debug\libnucleo-f411re_stdperiph_lib.a(misc.o)
 .comment       0x000000de       0x71 E:\stm_workspace\nucleo-f411re_stdperiph_lib\Debug\libnucleo-f411re_stdperiph_lib.a(stm32f4xx_gpio.o)
 .comment       0x000000de       0x71 E:\stm_workspace\nucleo-f411re_stdperiph_lib\Debug\libnucleo-f411re_stdperiph_lib.a(stm32f4xx_i2c.o)
 .comment       0x000000de       0x71 E:\stm_workspace\nucleo-f411re_stdperiph_lib\Debug\libnucleo-f411re_stdperiph_lib.a(stm32f4xx_rcc.o)
 .comment       0x000000de       0x71 E:\stm_workspace\nucleo-f411re_stdperiph_lib\Debug\libnucleo-f411re_stdperiph_lib.a(stm32f4xx_usart.o)

.debug_frame    0x00000000     0x2d40
 .debug_frame   0x00000000       0x38 src/crc.o
 .debug_frame   0x00000038       0xa4 src/debug.o
 .debug_frame   0x000000dc       0x80 src/main.o
 .debug_frame   0x0000015c       0x9c src/stm32_Hw.o
 .debug_frame   0x000001f8      0x138 src/stm32f4xx_it.o
 .debug_frame   0x00000330      0x2d4 src/syscalls.o
 .debug_frame   0x00000604       0x74 src/system_stm32f4xx.o
 .debug_frame   0x00000678      0x274 src/tm_stm32f4_gpio.o
 .debug_frame   0x000008ec      0x2d0 src/tm_stm32f4_i2c.o
 .debug_frame   0x00000bbc      0x328 src/tm_stm32f4_usart.o
 .debug_frame   0x00000ee4       0xd8 E:\stm_workspace\nucleo-f411re_stdperiph_lib\Debug\libnucleo-f411re_stdperiph_lib.a(misc.o)
 .debug_frame   0x00000fbc      0x23c E:\stm_workspace\nucleo-f411re_stdperiph_lib\Debug\libnucleo-f411re_stdperiph_lib.a(stm32f4xx_gpio.o)
 .debug_frame   0x000011f8      0x580 E:\stm_workspace\nucleo-f411re_stdperiph_lib\Debug\libnucleo-f411re_stdperiph_lib.a(stm32f4xx_i2c.o)
 .debug_frame   0x00001778      0x7c4 E:\stm_workspace\nucleo-f411re_stdperiph_lib\Debug\libnucleo-f411re_stdperiph_lib.a(stm32f4xx_rcc.o)
 .debug_frame   0x00001f3c      0x490 E:\stm_workspace\nucleo-f411re_stdperiph_lib\Debug\libnucleo-f411re_stdperiph_lib.a(stm32f4xx_usart.o)
 .debug_frame   0x000023cc       0x20 e:/stm32_workbench/plugins/fr.ac6.mcu.externaltools.arm-none.win32_1.13.2.201703061525/tools/compiler/bin/../lib/gcc/arm-none-eabi/5.4.1/../../../../arm-none-eabi/lib/armv7e-m/fpu\libc.a(lib_a-errno.o)
 .debug_frame   0x000023ec       0x2c e:/stm32_workbench/plugins/fr.ac6.mcu.externaltools.arm-none.win32_1.13.2.201703061525/tools/compiler/bin/../lib/gcc/arm-none-eabi/5.4.1/../../../../arm-none-eabi/lib/armv7e-m/fpu\libc.a(lib_a-init.o)
 .debug_frame   0x00002418       0x30 e:/stm32_workbench/plugins/fr.ac6.mcu.externaltools.arm-none.win32_1.13.2.201703061525/tools/compiler/bin/../lib/gcc/arm-none-eabi/5.4.1/../../../../arm-none-eabi/lib/armv7e-m/fpu\libc.a(lib_a-malloc.o)
 .debug_frame   0x00002448       0x58 e:/stm32_workbench/plugins/fr.ac6.mcu.externaltools.arm-none.win32_1.13.2.201703061525/tools/compiler/bin/../lib/gcc/arm-none-eabi/5.4.1/../../../../arm-none-eabi/lib/armv7e-m/fpu\libc.a(lib_a-mallocr.o)
 .debug_frame   0x000024a0       0x34 e:/stm32_workbench/plugins/fr.ac6.mcu.externaltools.arm-none.win32_1.13.2.201703061525/tools/compiler/bin/../lib/gcc/arm-none-eabi/5.4.1/../../../../arm-none-eabi/lib/armv7e-m/fpu\libc.a(lib_a-memset.o)
 .debug_frame   0x000024d4       0x30 e:/stm32_workbench/plugins/fr.ac6.mcu.externaltools.arm-none.win32_1.13.2.201703061525/tools/compiler/bin/../lib/gcc/arm-none-eabi/5.4.1/../../../../arm-none-eabi/lib/armv7e-m/fpu\libc.a(lib_a-mlock.o)
 .debug_frame   0x00002504       0x2c e:/stm32_workbench/plugins/fr.ac6.mcu.externaltools.arm-none.win32_1.13.2.201703061525/tools/compiler/bin/../lib/gcc/arm-none-eabi/5.4.1/../../../../arm-none-eabi/lib/armv7e-m/fpu\libc.a(lib_a-sbrkr.o)
 .debug_frame   0x00002530       0x60 e:/stm32_workbench/plugins/fr.ac6.mcu.externaltools.arm-none.win32_1.13.2.201703061525/tools/compiler/bin/../lib/gcc/arm-none-eabi/5.4.1/../../../../arm-none-eabi/lib/armv7e-m/fpu\libc.a(lib_a-vsnprintf.o)
 .debug_frame   0x00002590       0x50 e:/stm32_workbench/plugins/fr.ac6.mcu.externaltools.arm-none.win32_1.13.2.201703061525/tools/compiler/bin/../lib/gcc/arm-none-eabi/5.4.1/../../../../arm-none-eabi/lib/armv7e-m/fpu\libc.a(lib_a-__call_atexit.o)
 .debug_frame   0x000025e0       0x20 e:/stm32_workbench/plugins/fr.ac6.mcu.externaltools.arm-none.win32_1.13.2.201703061525/tools/compiler/bin/../lib/gcc/arm-none-eabi/5.4.1/../../../../arm-none-eabi/lib/armv7e-m/fpu\libc.a(lib_a-atexit.o)
 .debug_frame   0x00002600       0x34 e:/stm32_workbench/plugins/fr.ac6.mcu.externaltools.arm-none.win32_1.13.2.201703061525/tools/compiler/bin/../lib/gcc/arm-none-eabi/5.4.1/../../../../arm-none-eabi/lib/armv7e-m/fpu\libc.a(lib_a-fini.o)
 .debug_frame   0x00002634       0x74 e:/stm32_workbench/plugins/fr.ac6.mcu.externaltools.arm-none.win32_1.13.2.201703061525/tools/compiler/bin/../lib/gcc/arm-none-eabi/5.4.1/../../../../arm-none-eabi/lib/armv7e-m/fpu\libc.a(lib_a-freer.o)
 .debug_frame   0x000026a8       0x58 e:/stm32_workbench/plugins/fr.ac6.mcu.externaltools.arm-none.win32_1.13.2.201703061525/tools/compiler/bin/../lib/gcc/arm-none-eabi/5.4.1/../../../../arm-none-eabi/lib/armv7e-m/fpu\libc.a(lib_a-reent.o)
 .debug_frame   0x00002700       0x44 e:/stm32_workbench/plugins/fr.ac6.mcu.externaltools.arm-none.win32_1.13.2.201703061525/tools/compiler/bin/../lib/gcc/arm-none-eabi/5.4.1/../../../../arm-none-eabi/lib/armv7e-m/fpu\libc.a(lib_a-svfprintf.o)
 .debug_frame   0x00002744       0x34 e:/stm32_workbench/plugins/fr.ac6.mcu.externaltools.arm-none.win32_1.13.2.201703061525/tools/compiler/bin/../lib/gcc/arm-none-eabi/5.4.1/../../../../arm-none-eabi/lib/armv7e-m/fpu\libc.a(lib_a-__atexit.o)
 .debug_frame   0x00002778       0x88 e:/stm32_workbench/plugins/fr.ac6.mcu.externaltools.arm-none.win32_1.13.2.201703061525/tools/compiler/bin/../lib/gcc/arm-none-eabi/5.4.1/../../../../arm-none-eabi/lib/armv7e-m/fpu\libc.a(lib_a-dtoa.o)
 .debug_frame   0x00002800       0x40 e:/stm32_workbench/plugins/fr.ac6.mcu.externaltools.arm-none.win32_1.13.2.201703061525/tools/compiler/bin/../lib/gcc/arm-none-eabi/5.4.1/../../../../arm-none-eabi/lib/armv7e-m/fpu\libc.a(lib_a-localeconv.o)
 .debug_frame   0x00002840      0x264 e:/stm32_workbench/plugins/fr.ac6.mcu.externaltools.arm-none.win32_1.13.2.201703061525/tools/compiler/bin/../lib/gcc/arm-none-eabi/5.4.1/../../../../arm-none-eabi/lib/armv7e-m/fpu\libc.a(lib_a-mprec.o)
 .debug_frame   0x00002aa4       0x78 e:/stm32_workbench/plugins/fr.ac6.mcu.externaltools.arm-none.win32_1.13.2.201703061525/tools/compiler/bin/../lib/gcc/arm-none-eabi/5.4.1/../../../../arm-none-eabi/lib/armv7e-m/fpu\libc.a(lib_a-svfiprintf.o)
 .debug_frame   0x00002b1c       0x28 e:/stm32_workbench/plugins/fr.ac6.mcu.externaltools.arm-none.win32_1.13.2.201703061525/tools/compiler/bin/../lib/gcc/arm-none-eabi/5.4.1/../../../../arm-none-eabi/lib/armv7e-m/fpu\libc.a(lib_a-callocr.o)
 .debug_frame   0x00002b44       0x84 e:/stm32_workbench/plugins/fr.ac6.mcu.externaltools.arm-none.win32_1.13.2.201703061525/tools/compiler/bin/../lib/gcc/arm-none-eabi/5.4.1/../../../../arm-none-eabi/lib/armv7e-m/fpu\libc.a(lib_a-locale.o)
 .debug_frame   0x00002bc8       0x4c e:/stm32_workbench/plugins/fr.ac6.mcu.externaltools.arm-none.win32_1.13.2.201703061525/tools/compiler/bin/../lib/gcc/arm-none-eabi/5.4.1/../../../../arm-none-eabi/lib/armv7e-m/fpu\libc.a(lib_a-mbtowc_r.o)
 .debug_frame   0x00002c14       0x30 e:/stm32_workbench/plugins/fr.ac6.mcu.externaltools.arm-none.win32_1.13.2.201703061525/tools/compiler/bin/../lib/gcc/arm-none-eabi/5.4.1/../../../../arm-none-eabi/lib/armv7e-m/fpu\libc.a(lib_a-memmove.o)
 .debug_frame   0x00002c44       0x60 e:/stm32_workbench/plugins/fr.ac6.mcu.externaltools.arm-none.win32_1.13.2.201703061525/tools/compiler/bin/../lib/gcc/arm-none-eabi/5.4.1/../../../../arm-none-eabi/lib/armv7e-m/fpu\libc.a(lib_a-reallocr.o)
 .debug_frame   0x00002ca4       0x3c e:/stm32_workbench/plugins/fr.ac6.mcu.externaltools.arm-none.win32_1.13.2.201703061525/tools/compiler/bin/../lib/gcc/arm-none-eabi/5.4.1/../../../../arm-none-eabi/lib/armv7e-m/fpu\libc.a(lib_a-wctomb_r.o)
 .debug_frame   0x00002ce0       0x2c e:/stm32_workbench/plugins/fr.ac6.mcu.externaltools.arm-none.win32_1.13.2.201703061525/tools/compiler/bin/../lib/gcc/arm-none-eabi/5.4.1/armv7e-m/fpu\libgcc.a(_aeabi_uldivmod.o)
 .debug_frame   0x00002d0c       0x34 e:/stm32_workbench/plugins/fr.ac6.mcu.externaltools.arm-none.win32_1.13.2.201703061525/tools/compiler/bin/../lib/gcc/arm-none-eabi/5.4.1/armv7e-m/fpu\libgcc.a(_udivmoddi4.o)
